Component: Arm Compiler for Embedded 6.22 Tool: armlink [5ee90200]

==============================================================================

Section Cross References

    buzzer.o(.ARM.exidx.text.buzzer_Init) refers to buzzer.o(.text.buzzer_Init) for [Anonymous Symbol]
    buzzer.o(.text.Beep) refers to lcd.o(.text.delayMilliseconds) for delayMilliseconds
    buzzer.o(.ARM.exidx.text.Beep) refers to buzzer.o(.text.Beep) for [Anonymous Symbol]
    gps.o(.text.simple_atof) refers to f2d.o(x$fpl$f2d) for __aeabi_f2d
    gps.o(.text.simple_atof) refers to dmul.o(x$fpl$dmul) for __aeabi_dmul
    gps.o(.text.simple_atof) refers to d2f.o(x$fpl$d2f) for __aeabi_d2f
    gps.o(.ARM.exidx.text.simple_atof) refers to gps.o(.text.simple_atof) for [Anonymous Symbol]
    gps.o(.text.GPS_Read) refers to uart.o(.text.UART_GetChar) for UART_GetChar
    gps.o(.text.GPS_Read) refers to gps.o(.data.GPS_logname) for GPS_logname
    gps.o(.text.GPS_Read) refers to gps.o(.bss.GPS_received) for GPS_received
    gps.o(.text.GPS_Read) refers to gps.o(.rodata.str1.1) for .L.str
    gps.o(.text.GPS_Read) refers to strcpy.o(.text) for strcpy
    gps.o(.text.GPS_Read) refers to gps.o(.text.GPS_Parse) for GPS_Parse
    gps.o(.ARM.exidx.text.GPS_Read) refers to gps.o(.text.GPS_Read) for [Anonymous Symbol]
    gps.o(.text.GPS_Parse) refers to gps.o(.bss.GPS_received) for GPS_received
    gps.o(.text.GPS_Parse) refers to gps.o(.rodata.str1.1) for .L.str.1
    gps.o(.text.GPS_Parse) refers to strtok.o(.text) for strtok
    gps.o(.text.GPS_Parse) refers to gps.o(.bss.token) for token
    gps.o(.text.GPS_Parse) refers to gps.o(.bss.formatted_GPS) for formatted_GPS
    gps.o(.text.GPS_Parse) refers to strcpy.o(.text) for strcpy
    gps.o(.text.GPS_Parse) refers to strcmpv7em.o(.text) for strcmp
    gps.o(.text.GPS_Parse) refers to gps.o(.bss.GPS_fixed) for GPS_fixed
    gps.o(.text.GPS_Parse) refers to gps.o(.text.simple_atof) for simple_atof
    gps.o(.text.GPS_Parse) refers to gps.o(.bss.current_lat) for current_lat
    gps.o(.text.GPS_Parse) refers to gps.o(.bss.current_lon) for current_lon
    gps.o(.text.GPS_Parse) refers to gps.o(.text.send_data) for send_data
    gps.o(.ARM.exidx.text.GPS_Parse) refers to gps.o(.text.GPS_Parse) for [Anonymous Symbol]
    gps.o(.text.send_data) refers to gps.o(.bss.formatted_GPS) for formatted_GPS
    gps.o(.text.send_data) refers to uart.o(.text.print5_str) for print5_str
    gps.o(.text.send_data) refers to gps.o(.rodata.str1.1) for .L.str.1
    gps.o(.ARM.exidx.text.send_data) refers to gps.o(.text.send_data) for [Anonymous Symbol]
    gps.o(.text.GPS_IsFixed) refers to gps.o(.bss.GPS_fixed) for GPS_fixed
    gps.o(.ARM.exidx.text.GPS_IsFixed) refers to gps.o(.text.GPS_IsFixed) for [Anonymous Symbol]
    gps.o(.text.GPS_GetNearestLandmarkName) refers to gps.o(.bss.GPS_fixed) for GPS_fixed
    gps.o(.text.GPS_GetNearestLandmarkName) refers to gps.o(.rodata.str1.1) for .L.str.5
    gps.o(.text.GPS_GetNearestLandmarkName) refers to gps.o(.bss.current_lat) for current_lat
    gps.o(.text.GPS_GetNearestLandmarkName) refers to gps.o(.bss.current_lon) for current_lon
    gps.o(.text.GPS_GetNearestLandmarkName) refers to gps.o(.text.findNearestLandmark) for findNearestLandmark
    gps.o(.text.GPS_GetNearestLandmarkName) refers to gps.o(.data.landmarks) for landmarks
    gps.o(.ARM.exidx.text.GPS_GetNearestLandmarkName) refers to gps.o(.text.GPS_GetNearestLandmarkName) for [Anonymous Symbol]
    gps.o(.text.findNearestLandmark) refers to gps.o(.data.landmarks) for landmarks
    gps.o(.text.findNearestLandmark) refers to d2f.o(x$fpl$d2f) for __aeabi_d2f
    gps.o(.text.findNearestLandmark) refers to gps.o(.text.Distance) for Distance
    gps.o(.text.findNearestLandmark) refers to dcmp.o(x$fpl$fcmp) for __aeabi_dcmpge
    gps.o(.ARM.exidx.text.findNearestLandmark) refers to gps.o(.text.findNearestLandmark) for [Anonymous Symbol]
    gps.o(.ARM.exidx.text.ToDecimalDegree) refers to gps.o(.text.ToDecimalDegree) for [Anonymous Symbol]
    gps.o(.text.ToRad) refers to f2d.o(x$fpl$f2d) for __aeabi_f2d
    gps.o(.text.ToRad) refers to dmul.o(x$fpl$dmul) for __aeabi_dmul
    gps.o(.text.ToRad) refers to d2f.o(x$fpl$d2f) for __aeabi_d2f
    gps.o(.ARM.exidx.text.ToRad) refers to gps.o(.text.ToRad) for [Anonymous Symbol]
    gps.o(.text.Distance) refers to gps.o(.text.ToDecimalDegree) for ToDecimalDegree
    gps.o(.text.Distance) refers to gps.o(.text.ToRad) for ToRad
    gps.o(.text.Distance) refers to f2d.o(x$fpl$f2d) for __aeabi_f2d
    gps.o(.text.Distance) refers to sin.o(i.__hardfp_sin) for __hardfp_sin
    gps.o(.text.Distance) refers to pow.o(i.__hardfp_pow) for __hardfp_pow
    gps.o(.text.Distance) refers to cos.o(i.__hardfp_cos) for __hardfp_cos
    gps.o(.text.Distance) refers to dmul.o(x$fpl$dmul) for __aeabi_dmul
    gps.o(.text.Distance) refers to daddsub_clz.o(x$fpl$dadd) for __aeabi_dadd
    gps.o(.text.Distance) refers to d2f.o(x$fpl$d2f) for __aeabi_d2f
[...]
    ../clib/angel/rt.s                       0x00000000   Number         0  rt_errno_addr_intlibspace.o ABSOLUTE
    ../clib/angel/rt.s                       0x00000000   Number         0  rt_raise.o ABSOLUTE
    ../clib/angel/scatter.s                  0x00000000   Number         0  __scatter.o ABSOLUTE
    ../clib/angel/startup.s                  0x00000000   Number         0  __main.o ABSOLUTE
    ../clib/angel/sys.s                      0x00000000   Number         0  libspace.o ABSOLUTE
    ../clib/angel/sys.s                      0x00000000   Number         0  sys_stackheap_outer.o ABSOLUTE
    ../clib/angel/sys.s                      0x00000000   Number         0  use_no_semi.o ABSOLUTE
    ../clib/angel/sys.s                      0x00000000   Number         0  indicate_semi.o ABSOLUTE
    ../clib/angel/sysapp.c                   0x00000000   Number         0  sys_exit.o ABSOLUTE
    ../clib/angel/sysapp.c                   0x00000000   Number         0  sys_exit_hlt.o ABSOLUTE
    ../clib/angel/sysapp.c                   0x00000000   Number         0  sys_command.o ABSOLUTE
    ../clib/angel/sysapp.c                   0x00000000   Number         0  sys_command_hlt.o ABSOLUTE
    ../clib/angel/sysapp.c                   0x00000000   Number         0  sys_wrch.o ABSOLUTE
    ../clib/angel/sysapp.c                   0x00000000   Number         0  sys_wrch_hlt.o ABSOLUTE
    ../clib/armsys.c                         0x00000000   Number         0  argv_veneer.o ABSOLUTE
    ../clib/armsys.c                         0x00000000   Number         0  argv_veneer.o ABSOLUTE
    ../clib/armsys.c                         0x00000000   Number         0  _get_argv_nomalloc.o ABSOLUTE
    ../clib/armsys.c                         0x00000000   Number         0  no_argv.o ABSOLUTE
    ../clib/fenv.c                           0x00000000   Number         0  _rserrno.o ABSOLUTE
    ../clib/heapalloc.c                      0x00000000   Number         0  hrguard.o ABSOLUTE
    ../clib/heapaux.c                        0x00000000   Number         0  heapauxi.o ABSOLUTE
    ../clib/libinit.s                        0x00000000   Number         0  libinit.o ABSOLUTE
    ../clib/libinit.s                        0x00000000   Number         0  libinit2.o ABSOLUTE
    ../clib/libinit.s                        0x00000000   Number         0  libshutdown.o ABSOLUTE
    ../clib/libinit.s                        0x00000000   Number         0  libshutdown2.o ABSOLUTE
    ../clib/memcpset.s                       0x00000000   Number         0  strcmpv7em.o ABSOLUTE
    ../clib/signal.c                         0x00000000   Number         0  defsig_rtmem_outer.o ABSOLUTE
    ../clib/signal.c                         0x00000000   Number         0  defsig_rtmem_formal.o ABSOLUTE
    ../clib/signal.c                         0x00000000   Number         0  defsig_exit.o ABSOLUTE
    ../clib/signal.c                         0x00000000   Number         0  defsig_rtmem_inner.o ABSOLUTE
    ../clib/signal.c                         0x00000000   Number         0  __raise.o ABSOLUTE
    ../clib/signal.c                         0x00000000   Number         0  defsig_general.o ABSOLUTE
    ../clib/signal.c                         0x00000000   Number         0  defsig_abrt_inner.o ABSOLUTE
    ../clib/signal.c                         0x00000000   Number         0  defsig_fpe_inner.o ABSOLUTE
    ../clib/signal.c                         0x00000000   Number         0  defsig_rtred_inner.o ABSOLUTE
    ../clib/signal.c                         0x00000000   Number         0  defsig_stak_inner.o ABSOLUTE
    ../clib/signal.c                         0x00000000   Number         0  defsig_pvfn_inner.o ABSOLUTE
    ../clib/signal.c                         0x00000000   Number         0  defsig_cppl_inner.o ABSOLUTE
    ../clib/signal.c                         0x00000000   Number         0  defsig_segv_inner.o ABSOLUTE
    ../clib/signal.c                         0x00000000   Number         0  defsig_other.o ABSOLUTE
    ../clib/signal.s                         0x00000000   Number         0  defsig.o ABSOLUTE
    ../clib/stdlib.c                         0x00000000   Number         0  exit.o ABSOLUTE
    ../clib/string.c                         0x00000000   Number         0  strtok.o ABSOLUTE
    ../clib/string.c                         0x00000000   Number         0  strcpy.o ABSOLUTE
    ../clib/string.c                         0x00000000   Number         0  strtok_int.o ABSOLUTE
    ../clib/string.c                         0x00000000   Number         0  strcspn.o ABSOLUTE
    ../clib/string.c                         0x00000000   Number         0  strspn.o ABSOLUTE
    ../fplib/basic.s                         0x00000000   Number         0  basic.o ABSOLUTE
    ../fplib/d2f.s                           0x00000000   Number         0  d2f.o ABSOLUTE
    ../fplib/daddsub.s                       0x00000000   Number         0  daddsub_clz.o ABSOLUTE
    ../fplib/dcheck1.s                       0x00000000   Number         0  dcheck1.o ABSOLUTE
    ../fplib/dcmp.s                          0x00000000   Number         0  dcmp.o ABSOLUTE
    ../fplib/dcmpi.s                         0x00000000   Number         0  dcmpi.o ABSOLUTE
    ../fplib/ddiv.s                          0x00000000   Number         0  ddiv.o ABSOLUTE
    ../fplib/deqf.s                          0x00000000   Number         0  deqf.o ABSOLUTE
    ../fplib/dfix.s                          0x00000000   Number         0  dfix.o ABSOLUTE
    ../fplib/dflt.s                          0x00000000   Number         0  dflt_clz.o ABSOLUTE
    ../fplib/dgeqf.s                         0x00000000   Number         0  dgeqf.o ABSOLUTE
    ../fplib/dleqf.s                         0x00000000   Number         0  dleqf.o ABSOLUTE
    ../fplib/dmul.s                          0x00000000   Number         0  dmul.o ABSOLUTE
    ../fplib/dnaninf.s                       0x00000000   Number         0  dnaninf.o ABSOLUTE
    ../fplib/dretinf.s                       0x00000000   Number         0  dretinf.o ABSOLUTE
    ../fplib/drleqf.s                        0x00000000   Number         0  drleqf.o ABSOLUTE
    ../fplib/dsqrt.s                         0x00000000   Number         0  dsqrt_umaal.o ABSOLUTE
    ../fplib/f2d.s                           0x00000000   Number         0  f2d.o ABSOLUTE
    ../fplib/fnaninf.s                       0x00000000   Number         0  fnaninf.o ABSOLUTE
    ../fplib/fpinit.s                        0x00000000   Number         0  fpinit.o ABSOLUTE
    ../fplib/fretinf.s                       0x00000000   Number         0  fretinf.o ABSOLUTE
    ../fplib/retnan.s                        0x00000000   Number         0  retnan.o ABSOLUTE
    ../fplib/scalbn.s                        0x00000000   Number         0  scalbn.o ABSOLUTE
    ../fplib/trapv.s                         0x00000000   Number         0  trapv.o ABSOLUTE
    ../fplib/usenofp.s                       0x00000000   Number         0  usenofp.o ABSOLUTE
    ../mathlib/atan.c                        0x00000000   Number         0  atan.o ABSOLUTE
    ../mathlib/atan2.c                       0x00000000   Number         0  atan2.o ABSOLUTE
    ../mathlib/cos.c                         0x00000000   Number         0  cos.o ABSOLUTE
    ../mathlib/cos_i.c                       0x00000000   Number         0  cos_i.o ABSOLUTE
    ../mathlib/dunder.c                      0x00000000   Number         0  dunder.o ABSOLUTE
    ../mathlib/fabs.c                        0x00000000   Number         0  fabs.o ABSOLUTE
    ../mathlib/fpclassify.c                  0x00000000   Number         0  fpclassify.o ABSOLUTE
    ../mathlib/poly.c                        0x00000000   Number         0  poly.o ABSOLUTE
    ../mathlib/pow.c                         0x00000000   Number         0  pow.o ABSOLUTE
    ../mathlib/qnan.c                        0x00000000   Number         0  qnan.o ABSOLUTE
    ../mathlib/rred.c                        0x00000000   Number         0  rred.o ABSOLUTE
    ../mathlib/sin.c                         0x00000000   Number         0  sin.o ABSOLUTE
    ../mathlib/sin_i.c                       0x00000000   Number         0  sin_i.o ABSOLUTE
    ../mathlib/sqrt.c                        0x00000000   Number         0  sqrt.o ABSOLUTE
    Buzzer.c                                 0x00000000   Number         0  buzzer.o ABSOLUTE
    GPS.c                                    0x00000000   Number         0  gps.o ABSOLUTE
    LCD.c                                    0x00000000   Number         0  lcd.o ABSOLUTE
    RTE/Device/TM4C123GH6PM/startup_TM4C123.s 0x00000000   Number         0  startup_tm4c123.o ABSOLUTE
    UART.c                                   0x00000000   Number         0  uart.o ABSOLUTE
    dc.s                                     0x00000000   Number         0  dc.o ABSOLUTE
    main.c                                   0x00000000   Number         0  main.o ABSOLUTE
    system_TM4C123.c                         0x00000000   Number         0  system_tm4c123.o ABSOLUTE
    RESET                                    0x00000000   Section      620  startup_tm4c123.o(RESET)
    !!!main                                  0x0000026c   Section        8  __main.o(!!!main)
    !!!scatter                               0x00000274   Section       92  __scatter.o(!!!scatter)
    !!handler_copy                           0x000002d0   Section       26  __scatter_copy.o(!!handler_copy)
    !!handler_null                           0x000002ec   Section        2  __scatter.o(!!handler_null)
    !!handler_zi                             0x000002f0   Section       28  __scatter_zi.o(!!handler_zi)
    .ARM.Collect$$libinit$$00000000          0x0000030c   Section        2  libinit.o(.ARM.Collect$$libinit$$00000000)
    .ARM.Collect$$libinit$$00000001          0x0000030e   Section        4  libinit2.o(.ARM.Collect$$libinit$$00000001)
    .ARM.Collect$$libinit$$00000004          0x00000312   Section        0  libinit2.o(.ARM.Collect$$libinit$$00000004)
    .ARM.Collect$$libinit$$00000006          0x00000312   Section        0  libinit2.o(.ARM.Collect$$libinit$$00000006)
    .ARM.Collect$$libinit$$0000000C          0x00000312   Section        0  libinit2.o(.ARM.Collect$$libinit$$0000000C)
    .ARM.Collect$$libinit$$0000000E          0x00000312   Section        0  libinit2.o(.ARM.Collect$$libinit$$0000000E)
    .ARM.Collect$$libinit$$00000010          0x00000312   Section        0  libinit2.o(.ARM.Collect$$libinit$$00000010)
    .ARM.Collect$$libinit$$00000013          0x00000312   Section        0  libinit2.o(.ARM.Collect$$libinit$$00000013)
    .ARM.Collect$$libinit$$00000015          0x00000312   Section        0  libinit2.o(.ARM.Collect$$libinit$$00000015)
    .ARM.Collect$$libinit$$00000017          0x00000312   Section        0  libinit2.o(.ARM.Collect$$libinit$$00000017)
    .ARM.Collect$$libinit$$00000019          0x00000312   Section        0  libinit2.o(.ARM.Collect$$libinit$$00000019)
    .ARM.Collect$$libinit$$0000001B          0x00000312   Section        0  libinit2.o(.ARM.Collect$$libinit$$0000001B)
    .ARM.Collect$$libinit$$0000001D          0x00000312   Section        0  libinit2.o(.ARM.Collect$$libinit$$0000001D)
    .ARM.Collect$$libinit$$0000001F          0x00000312   Section        0  libinit2.o(.ARM.Collect$$libinit$$0000001F)
    .ARM.Collect$$libinit$$00000021          0x00000312   Section        0  libinit2.o(.ARM.Collect$$libinit$$00000021)
    .ARM.Collect$$libinit$$00000023          0x00000312   Section        0  libinit2.o(.ARM.Collect$$libinit$$00000023)
    .ARM.Collect$$libinit$$00000025          0x00000312   Section        0  libinit2.o(.ARM.Collect$$libinit$$00000025)
    .ARM.Collect$$libinit$$00000027          0x00000312   Section        0  libinit2.o(.ARM.Collect$$libinit$$00000027)
    .ARM.Collect$$libinit$$0000002E          0x00000312   Section        0  libinit2.o(.ARM.Collect$$libinit$$0000002E)
    .ARM.Collect$$libinit$$00000030          0x00000312   Section        0  libinit2.o(.ARM.Collect$$libinit$$00000030)
    .ARM.Collect$$libinit$$00000032          0x00000312   Section        0  libinit2.o(.ARM.Collect$$libinit$$00000032)
    .ARM.Collect$$libinit$$00000034          0x00000312   Section        0  libinit2.o(.ARM.Collect$$libinit$$00000034)
    .ARM.Collect$$libinit$$00000035          0x00000312   Section        2  libinit2.o(.ARM.Collect$$libinit$$00000035)
    .ARM.Collect$$libshutdown$$00000000      0x00000314   Section        2  libshutdown.o(.ARM.Collect$$libshutdown$$00000000)
    .ARM.Collect$$libshutdown$$00000002      0x00000316   Section        0  libshutdown2.o(.ARM.Collect$$libshutdown$$00000002)
    .ARM.Collect$$libshutdown$$00000004      0x00000316   Section        0  libshutdown2.o(.ARM.Collect$$libshutdown$$00000004)
    .ARM.Collect$$libshutdown$$00000007      0x00000316   Section        0  libshutdown2.o(.ARM.Collect$$libshutdown$$00000007)
    .ARM.Collect$$libshutdown$$0000000A      0x00000316   Section        0  libshutdown2.o(.ARM.Collect$$libshutdown$$0000000A)
    .ARM.Collect$$libshutdown$$0000000C      0x00000316   Section        0  libshutdown2.o(.ARM.Collect$$libshutdown$$0000000C)
    .ARM.Collect$$libshutdown$$0000000F      0x00000316   Section        0  libshutdown2.o(.ARM.Collect$$libshutdown$$0000000F)
    .ARM.Collect$$libshutdown$$00000010      0x00000316   Section        2  libshutdown2.o(.ARM.Collect$$libshutdown$$00000010)
    .ARM.Collect$$rtentry$$00000000          0x00000318   Section        0  __rtentry.o(.ARM.Collect$$rtentry$$00000000)
    .ARM.Collect$$rtentry$$00000002          0x00000318   Section        0  __rtentry2.o(.ARM.Collect$$rtentry$$00000002)
    .ARM.Collect$$rtentry$$00000004          0x00000318   Section        6  __rtentry4.o(.ARM.Collect$$rtentry$$00000004)
    .ARM.Collect$$rtentry$$00000009          0x0000031e   Section        0  __rtentry2.o(.ARM.Collect$$rtentry$$00000009)
    .ARM.Collect$$rtentry$$0000000A          0x0000031e   Section        4  __rtentry2.o(.ARM.Collect$$rtentry$$0000000A)
    .ARM.Collect$$rtentry$$0000000C          0x00000322   Section        0  __rtentry2.o(.ARM.Collect$$rtentry$$0000000C)
    .ARM.Collect$$rtentry$$0000000D          0x00000322   Section        8  __rtentry2.o(.ARM.Collect$$rtentry$$0000000D)
    .ARM.Collect$$rtexit$$00000000           0x0000032a   Section        2  rtexit.o(.ARM.Collect$$rtexit$$00000000)
    .ARM.Collect$$rtexit$$00000002           0x0000032c   Section        0  rtexit2.o(.ARM.Collect$$rtexit$$00000002)
    .ARM.Collect$$rtexit$$00000003           0x0000032c   Section        4  rtexit2.o(.ARM.Collect$$rtexit$$00000003)
    .ARM.Collect$$rtexit$$00000004           0x00000330   Section        6  rtexit2.o(.ARM.Collect$$rtexit$$00000004)
    $v0                                      0x00000338   Number         0  startup_tm4c123.o(.text)
    .text                                    0x00000338   Section      268  startup_tm4c123.o(.text)
    .text                                    0x00000444   Section        0  strtok.o(.text)
    .text                                    0x00000450   Section        0  strcpy.o(.text)
    .text                                    0x00000498   Section      124  strcmpv7em.o(.text)
    .text                                    0x00000514   Section        0  heapauxi.o(.text)
    .text                                    0x0000051a   Section        0  _rserrno.o(.text)
    .text                                    0x00000530   Section        0  strtok_int.o(.text)
    .text                                    0x00000574   Section        8  rt_errno_addr_intlibspace.o(.text)
    .text                                    0x0000057c   Section        0  strcspn.o(.text)
    .text                                    0x0000059c   Section        0  strspn.o(.text)
    .text                                    0x000005b8   Section        8  libspace.o(.text)
    .text                                    0x000005c0   Section       74  sys_stackheap_outer.o(.text)
    .text                                    0x0000060a   Section        0  exit.o(.text)
    .text                                    0x0000061c   Section        0  sys_exit.o(.text)
    .text                                    0x00000628   Section        2  use_no_semi.o(.text)
    .text                                    0x0000062a   Section        0  indicate_semi.o(.text)
    [Anonymous Symbol]                       0x0000062c   Section        0  buzzer.o(.text.Beep)
    [Anonymous Symbol]                       0x00000658   Section        0  gps.o(.text.Distance)
    [Anonymous Symbol]                       0x00000800   Section        0  gps.o(.text.GPS_GetNearestLandmarkName)
    [Anonymous Symbol]                       0x0000085c   Section        0  uart.o(.text.GPS_Init)
    [Anonymous Symbol]                       0x00000920   Section        0  gps.o(.text.GPS_IsFixed)
    [Anonymous Symbol]                       0x00000930   Section        0  gps.o(.text.GPS_Parse)
    [Anonymous Symbol]                       0x00000aac   Section        0  gps.o(.text.GPS_Read)
    [Anonymous Symbol]                       0x00000b58   Section        0  lcd.o(.text.LCD_Clear)
    [Anonymous Symbol]                       0x00000b64   Section        0  lcd.o(.text.LCD_Command)
    [Anonymous Symbol]                       0x00000bb0   Section        0  lcd.o(.text.LCD_Data)
    [Anonymous Symbol]                       0x00000be8   Section        0  lcd.o(.text.LCD_DisplayGPSInfo)
    [Anonymous Symbol]                       0x00000c00   Section        0  lcd.o(.text.LCD_DisplayString)
    [Anonymous Symbol]                       0x00000c24   Section        0  lcd.o(.text.LCD_EnablePulse)
    [Anonymous Symbol]                       0x00000c68   Section        0  lcd.o(.text.LCD_Init)
    [Anonymous Symbol]                       0x00000cc8   Section        0  lcd.o(.text.LCD_PortInit)
    [Anonymous Symbol]                       0x00000d34   Section        0  lcd.o(.text.LCD_PutChar)
    [Anonymous Symbol]                       0x00000d48   Section        0  lcd.o(.text.LCD_PutString)
    [Anonymous Symbol]                       0x00000d6c   Section        0  lcd.o(.text.LCD_Send4Bits)
    [Anonymous Symbol]                       0x00000d90   Section        0  lcd.o(.text.LCD_SetCursor)
    [Anonymous Symbol]                       0x00000dcc   Section        0  gps.o(.text.ToDecimalDegree)
    [Anonymous Symbol]                       0x00000e38   Section        0  gps.o(.text.ToRad)
    [Anonymous Symbol]                       0x00000e78   Section        0  uart.o(.text.UART5_Init)
    [Anonymous Symbol]                       0x00000f18   Section        0  uart.o(.text.UART5_PutChar)
    [Anonymous Symbol]                       0x00000f48   Section        0  uart.o(.text.UART_GetChar)
    [Anonymous Symbol]                       0x00000f6c   Section        0  buzzer.o(.text.buzzer_Init)
    [Anonymous Symbol]                       0x00000fd0   Section        0  lcd.o(.text.delayMicroseconds)
    [Anonymous Symbol]                       0x00000ff8   Section        0  lcd.o(.text.delayMilliseconds)
    [Anonymous Symbol]                       0x00001024   Section        0  gps.o(.text.findNearestLandmark)
    [Anonymous Symbol]                       0x000010ec   Section        0  main.o(.text.main)
    [Anonymous Symbol]                       0x000011bc   Section        0  uart.o(.text.print5_str)
    [Anonymous Symbol]                       0x000011f0   Section        0  gps.o(.text.send_data)
    [Anonymous Symbol]                       0x00001228   Section        0  gps.o(.text.simple_atof)
    i.__ARM_fpclassify                       0x00001318   Section        0  fpclassify.o(i.__ARM_fpclassify)
    i.__hardfp_atan                          0x00001348   Section        0  atan.o(i.__hardfp_atan)
    i.__hardfp_atan2                         0x00001620   Section        0  atan2.o(i.__hardfp_atan2)
    i.__hardfp_cos                           0x00001820   Section        0  cos.o(i.__hardfp_cos)
    i.__hardfp_pow                           0x000018e8   Section        0  pow.o(i.__hardfp_pow)
    i.__hardfp_sin                           0x00002548   Section        0  sin.o(i.__hardfp_sin)
    i.__hardfp_sqrt                          0x00002610   Section        0  sqrt.o(i.__hardfp_sqrt)
    i.__ieee754_rem_pio2                     0x00002690   Section        0  rred.o(i.__ieee754_rem_pio2)
    i.__kernel_cos                           0x00002ac8   Section        0  cos_i.o(i.__kernel_cos)
    i.__kernel_poly                          0x00002c38   Section        0  poly.o(i.__kernel_poly)
    i.__kernel_sin                           0x00002d30   Section        0  sin_i.o(i.__kernel_sin)
    i.__mathlib_dbl_divzero                  0x00002e60   Section        0  dunder.o(i.__mathlib_dbl_divzero)
    i.__mathlib_dbl_infnan                   0x00002e90   Section        0  dunder.o(i.__mathlib_dbl_infnan)
    i.__mathlib_dbl_infnan2                  0x00002ea4   Section        0  dunder.o(i.__mathlib_dbl_infnan2)
    i.__mathlib_dbl_invalid                  0x00002eb8   Section        0  dunder.o(i.__mathlib_dbl_invalid)
    i.__mathlib_dbl_overflow                 0x00002ed8   Section        0  dunder.o(i.__mathlib_dbl_overflow)
    i.__mathlib_dbl_underflow                0x00002ef8   Section        0  dunder.o(i.__mathlib_dbl_underflow)
    i.atan                                   0x00002f18   Section        0  atan.o(i.atan)
    i.fabs                                   0x00002f28   Section        0  fabs.o(i.fabs)
    i.sqrt                                   0x00002f40   Section        0  sqrt.o(i.sqrt)
    $v0                                      0x00002fae   Number         0  basic.o(x$fpl$basic)
    x$fpl$basic                              0x00002fae   Section       24  basic.o(x$fpl$basic)
    $v0                                      0x00002fc8   Number         0  d2f.o(x$fpl$d2f)
    x$fpl$d2f                                0x00002fc8   Section       98  d2f.o(x$fpl$d2f)
    $v0                                      0x0000302c   Number         0  daddsub_clz.o(x$fpl$dadd)
    x$fpl$dadd                               0x0000302c   Section      336  daddsub_clz.o(x$fpl$dadd)
    _dadd1                                   0x0000303d   Thumb Code     0  daddsub_clz.o(x$fpl$dadd)
    $v0                                      0x0000317c   Number         0  dcheck1.o(x$fpl$dcheck1)
    x$fpl$dcheck1                            0x0000317c   Section       16  dcheck1.o(x$fpl$dcheck1)
    $v0                                      0x0000318c   Number         0  dcmpi.o(x$fpl$dcmpinf)
    x$fpl$dcmpinf                            0x0000318c   Section       24  dcmpi.o(x$fpl$dcmpinf)
    $v0                                      0x000031a4   Number         0  ddiv.o(x$fpl$ddiv)
    x$fpl$ddiv                               0x000031a4   Section      696  ddiv.o(x$fpl$ddiv)
    ddiv_entry                               0x000031ab   Thumb Code     0  ddiv.o(x$fpl$ddiv)
    $v0                                      0x0000345c   Number         0  deqf.o(x$fpl$deqf)
    x$fpl$deqf                               0x0000345c   Section      120  deqf.o(x$fpl$deqf)
    $v0                                      0x000034d4   Number         0  dfix.o(x$fpl$dfix)
    x$fpl$dfix                               0x000034d4   Section       94  dfix.o(x$fpl$dfix)
    $v0                                      0x00003532   Number         0  dflt_clz.o(x$fpl$dflt)
    x$fpl$dflt                               0x00003532   Section       46  dflt_clz.o(x$fpl$dflt)
    $v0                                      0x00003560   Number         0  dflt_clz.o(x$fpl$dfltu)
    x$fpl$dfltu                              0x00003560   Section       38  dflt_clz.o(x$fpl$dfltu)
    $v0                                      0x00003588   Number         0  dgeqf.o(x$fpl$dgeqf)
    x$fpl$dgeqf                              0x00003588   Section      120  dgeqf.o(x$fpl$dgeqf)
    $v0                                      0x00003600   Number         0  dleqf.o(x$fpl$dleqf)
    x$fpl$dleqf                              0x00003600   Section      120  dleqf.o(x$fpl$dleqf)
    $v0                                      0x00003678   Number         0  dmul.o(x$fpl$dmul)
    x$fpl$dmul                               0x00003678   Section      340  dmul.o(x$fpl$dmul)
    $v0                                      0x000037cc   Number         0  dnaninf.o(x$fpl$dnaninf)
    x$fpl$dnaninf                            0x000037cc   Section      156  dnaninf.o(x$fpl$dnaninf)
    $v0                                      0x00003868   Number         0  dretinf.o(x$fpl$dretinf)
    x$fpl$dretinf                            0x00003868   Section       12  dretinf.o(x$fpl$dretinf)
    $v0                                      0x00003874   Number         0  drleqf.o(x$fpl$drleqf)
    x$fpl$drleqf                             0x00003874   Section      108  drleqf.o(x$fpl$drleqf)
    $v0                                      0x000038e0   Number         0  daddsub_clz.o(x$fpl$drsb)
    x$fpl$drsb                               0x000038e0   Section       22  daddsub_clz.o(x$fpl$drsb)
    $v0                                      0x000038f8   Number         0  dsqrt_umaal.o(x$fpl$dsqrt)
    x$fpl$dsqrt                              0x000038f8   Section      408  dsqrt_umaal.o(x$fpl$dsqrt)
    $v0                                      0x00003a90   Number         0  daddsub_clz.o(x$fpl$dsub)
    x$fpl$dsub                               0x00003a90   Section      476  daddsub_clz.o(x$fpl$dsub)
    _dsub1                                   0x00003aa1   Thumb Code     0  daddsub_clz.o(x$fpl$dsub)
    $v0                                      0x00003c6c   Number         0  f2d.o(x$fpl$f2d)
    x$fpl$f2d                                0x00003c6c   Section       86  f2d.o(x$fpl$f2d)
    $v0                                      0x00003cc2   Number         0  dcmp.o(x$fpl$fcmp)
    x$fpl$fcmp                               0x00003cc2   Section       84  dcmp.o(x$fpl$fcmp)
    $v0                                      0x00003d16   Number         0  fnaninf.o(x$fpl$fnaninf)
    x$fpl$fnaninf                            0x00003d16   Section      140  fnaninf.o(x$fpl$fnaninf)
    $v0                                      0x00003da2   Number         0  fpinit.o(x$fpl$fpinit)
    x$fpl$fpinit                             0x00003da2   Section       26  fpinit.o(x$fpl$fpinit)
    $v0                                      0x00003dbc   Number         0  fretinf.o(x$fpl$fretinf)
    x$fpl$fretinf                            0x00003dbc   Section       10  fretinf.o(x$fpl$fretinf)
    $v0                                      0x00003dc6   Number         0  retnan.o(x$fpl$retnan)
    x$fpl$retnan                             0x00003dc6   Section      100  retnan.o(x$fpl$retnan)
    $v0                                      0x00003e2a   Number         0  scalbn.o(x$fpl$scalbn)
    x$fpl$scalbn                             0x00003e2a   Section       92  scalbn.o(x$fpl$scalbn)
    $v0                                      0x00003e86   Number         0  trapv.o(x$fpl$trapveneer)
    x$fpl$trapveneer                         0x00003e86   Section       48  trapv.o(x$fpl$trapveneer)
    x$fpl$usenofp                            0x00003eb6   Section        0  usenofp.o(x$fpl$usenofp)
    bp                                       0x00003eb8   Data          16  pow.o(.constdata)
    .constdata                               0x00003eb8   Section      136  pow.o(.constdata)
    dp_h                                     0x00003ec8   Data          16  pow.o(.constdata)
    dp_l                                     0x00003ed8   Data          16  pow.o(.constdata)
    L                                        0x00003ee8   Data          48  pow.o(.constdata)
    P                                        0x00003f18   Data          40  pow.o(.constdata)
    atanhi                                   0x00003f40   Data          32  atan.o(.constdata)
    .constdata                               0x00003f40   Section      152  atan.o(.constdata)
    atanlo                                   0x00003f60   Data          32  atan.o(.constdata)
    aTodd                                    0x00003f80   Data          40  atan.o(.constdata)
    aTeven                                   0x00003fa8   Data          48  atan.o(.constdata)
    C                                        0x00003fd8   Data          48  cos_i.o(.constdata)
    .constdata                               0x00003fd8   Section       48  cos_i.o(.constdata)
    .constdata                               0x00004008   Section        8  qnan.o(.constdata)
    pio2s                                    0x00004010   Data          48  rred.o(.constdata)
    .constdata                               0x00004010   Section      204  rred.o(.constdata)
    twooverpi                                0x00004040   Data         156  rred.o(.constdata)
    S                                        0x000040e0   Data          40  sin_i.o(.constdata)
    .constdata                               0x000040e0   Section       40  sin_i.o(.constdata)
    .L.str.1                                 0x00004108   Data           2  gps.o(.rodata.str1.1)
    [Anonymous Symbol]                       0x00004108   Section        0  gps.o(.rodata.str1.1)
    .L.str.2                                 0x0000410a   Data           2  gps.o(.rodata.str1.1)
    .L.str.4                                 0x0000410c   Data           2  gps.o(.rodata.str1.1)
    .L.str.3                                 0x0000410e   Data           2  gps.o(.rodata.str1.1)
    .L.str.5                                 0x00004110   Data          14  gps.o(.rodata.str1.1)
    .L.str.3                                 0x0000411e   Data           2  main.o(.rodata.str1.1)
    [Anonymous Symbol]                       0x0000411e   Section        0  main.o(.rodata.str1.1)
    .L.str.2                                 0x00004120   Data          13  main.o(.rodata.str1.1)
    .L.str.1                                 0x0000412d   Data          16  main.o(.rodata.str1.1)
    .L.str                                   0x0000413d   Data          11  main.o(.rodata.str1.1)
    .L.str                                   0x00004147   Data           1  main.o(.rodata.str1.1)
    _strtok_saves1                           0x20000000   Data           4  strtok.o(.data)
    .data                                    0x20000000   Section        4  strtok.o(.data)
    landmarks                                0x20000010   Data         240  gps.o(.data.landmarks)
    [Anonymous Symbol]                       0x20000010   Section        0  gps.o(.data.landmarks)
    .bss                                     0x20000100   Section       96  libspace.o(.bss)
    main.dotCount                            0x200002ac   Data           1  main.o(.bss.main.dotCount)
    [Anonymous Symbol]                       0x200002ac   Section        0  main.o(.bss.main.dotCount)
    Heap_Mem                                 0x200002b8   Data           0  startup_tm4c123.o(HEAP)
    Stack_Mem                                0x200002b8   Data         512  startup_tm4c123.o(STACK)
    HEAP                                     0x200002b8   Section        0  startup_tm4c123.o(HEAP)
    STACK                                    0x200002b8   Section      512  startup_tm4c123.o(STACK)
    __initial_sp                             0x200004b8   Data           0  startup_tm4c123.o(STACK)

    Global Symbols

    Symbol Name                              Value     Ov Type        Size  Object(Section)

    BuildAttributes$$THM_ISAv4$E$P$D$K$B$S$7EM$VFPi3$EXTD16$VFPS$VFMA$PE$A:L22UL41UL21$X:L11$S22US41US21$IEEE1$IW$~IW$USESV6$~STKCKD$USESV7$~SHL$OTIME$ROPI$IEEEX$EBA8$UX$STANDARDLIB$REQ8$PRES8$EABIv2 0x00000000   Number         0  anon$$obj.o ABSOLUTE
    __Vectors                                0x00000000   Data           4  startup_tm4c123.o(RESET)
    __ARM_exceptions_init                     - Undefined Weak Reference
    __alloca_initialize                       - Undefined Weak Reference
    __arm_preinit_                            - Undefined Weak Reference
    __arm_relocate_pie_                       - Undefined Weak Reference
    __cpp_initialize__aeabi_                  - Undefined Weak Reference
    __cxa_finalize                            - Undefined Weak Reference
    __rt_locale                               - Undefined Weak Reference
    __sigvec_lookup                           - Undefined Weak Reference
    _atexit_init                              - Undefined Weak Reference
    _call_atexit_fns                          - Undefined Weak Reference
    _clock_init                               - Undefined Weak Reference
    _fp_trap_init                             - Undefined Weak Reference
    _fp_trap_shutdown                         - Undefined Weak Reference
    _get_lc_collate                           - Undefined Weak Reference
    _get_lc_ctype                             - Undefined Weak Reference
    _get_lc_monetary                          - Undefined Weak Reference
    _get_lc_numeric                           - Undefined Weak Reference
    _get_lc_time                              - Undefined Weak Reference
    _getenv_init                              - Undefined Weak Reference
    _handle_redirection                       - Undefined Weak Reference
    _init_alloc                               - Undefined Weak Reference
    _init_user_alloc                          - Undefined Weak Reference
    _initio                                   - Undefined Weak Reference
    _rand_init                                - Undefined Weak Reference
    _signal_finish                            - Undefined Weak Reference
    _signal_init                              - Undefined Weak Reference
    _terminate_alloc                          - Undefined Weak Reference
    _terminate_user_alloc                     - Undefined Weak Reference
    _terminateio                              - Undefined Weak Reference
    __Vectors_End                            0x0000026c   Data           0  startup_tm4c123.o(RESET)
    __Vectors_Size                           0x0000026c   Number         0  startup_tm4c123.o ABSOLUTE
    __main                                   0x0000026d   Thumb Code     8  __main.o(!!!main)
    __scatterload                            0x00000275   Thumb Code     0  __scatter.o(!!!scatter)
    __scatterload_rt2                        0x00000275   Thumb Code    84  __scatter.o(!!!scatter)
    __scatterload_rt2_thumb_only             0x00000275   Thumb Code     0  __scatter.o(!!!scatter)
    __scatterload_loop                       0x0000027f   Thumb Code     0  __scatter.o(!!!scatter)
    __scatterload_copy                       0x000002d1   Thumb Code    26  __scatter_copy.o(!!handler_copy)
    __scatterload_null                       0x000002ed   Thumb Code     2  __scatter.o(!!handler_null)
    __scatterload_zeroinit                   0x000002f1   Thumb Code    28  __scatter_zi.o(!!handler_zi)
    __rt_lib_init                            0x0000030d   Thumb Code     0  libinit.o(.ARM.Collect$$libinit$$00000000)
    __rt_lib_init_fp_1                       0x0000030f   Thumb Code     0  libinit2.o(.ARM.Collect$$libinit$$00000001)
    __rt_lib_init_alloca_1                   0x00000313   Thumb Code     0  libinit2.o(.ARM.Collect$$libinit$$00000030)
    __rt_lib_init_argv_1                     0x00000313   Thumb Code     0  libinit2.o(.ARM.Collect$$libinit$$0000002E)
    __rt_lib_init_atexit_1                   0x00000313   Thumb Code     0  libinit2.o(.ARM.Collect$$libinit$$0000001D)
    __rt_lib_init_clock_1                    0x00000313   Thumb Code     0  libinit2.o(.ARM.Collect$$libinit$$00000023)
    __rt_lib_init_cpp_1                      0x00000313   Thumb Code     0  libinit2.o(.ARM.Collect$$libinit$$00000034)
    __rt_lib_init_exceptions_1               0x00000313   Thumb Code     0  libinit2.o(.ARM.Collect$$libinit$$00000032)
    __rt_lib_init_fp_trap_1                  0x00000313   Thumb Code     0  libinit2.o(.ARM.Collect$$libinit$$00000021)
    __rt_lib_init_getenv_1                   0x00000313   Thumb Code     0  libinit2.o(.ARM.Collect$$libinit$$00000025)
    __rt_lib_init_heap_1                     0x00000313   Thumb Code     0  libinit2.o(.ARM.Collect$$libinit$$0000000C)
    __rt_lib_init_lc_collate_1               0x00000313   Thumb Code     0  libinit2.o(.ARM.Collect$$libinit$$00000013)
    __rt_lib_init_lc_ctype_1                 0x00000313   Thumb Code     0  libinit2.o(.ARM.Collect$$libinit$$00000015)
    __rt_lib_init_lc_monetary_1              0x00000313   Thumb Code     0  libinit2.o(.ARM.Collect$$libinit$$00000017)
    __rt_lib_init_lc_numeric_1               0x00000313   Thumb Code     0  libinit2.o(.ARM.Collect$$libinit$$00000019)
    __rt_lib_init_lc_time_1                  0x00000313   Thumb Code     0  libinit2.o(.ARM.Collect$$libinit$$0000001B)
    __rt_lib_init_preinit_1                  0x00000313   Thumb Code     0  libinit2.o(.ARM.Collect$$libinit$$00000006)
    __rt_lib_init_rand_1                     0x00000313   Thumb Code     0  libinit2.o(.ARM.Collect$$libinit$$00000010)
    __rt_lib_init_relocate_pie_1             0x00000313   Thumb Code     0  libinit2.o(.ARM.Collect$$libinit$$00000004)
    __rt_lib_init_return                     0x00000313   Thumb Code     0  libinit2.o(.ARM.Collect$$libinit$$00000035)
    __rt_lib_init_signal_1                   0x00000313   Thumb Code     0  libinit2.o(.ARM.Collect$$libinit$$0000001F)
    __rt_lib_init_stdio_1                    0x00000313   Thumb Code     0  libinit2.o(.ARM.Collect$$libinit$$00000027)
    __rt_lib_init_user_alloc_1               0x00000313   Thumb Code     0  libinit2.o(.ARM.Collect$$libinit$$0000000E)
    __rt_lib_shutdown                        0x00000315   Thumb Code     0  libshutdown.o(.ARM.Collect$$libshutdown$$00000000)
    __rt_lib_shutdown_cpp_1                  0x00000317   Thumb Code     0  libshutdown2.o(.ARM.Collect$$libshutdown$$00000002)
    __rt_lib_shutdown_fp_trap_1              0x00000317   Thumb Code     0  libshutdown2.o(.ARM.Collect$$libshutdown$$00000007)
    __rt_lib_shutdown_heap_1                 0x00000317   Thumb Code     0  libshutdown2.o(.ARM.Collect$$libshutdown$$0000000F)
    __rt_lib_shutdown_return                 0x00000317   Thumb Code     0  libshutdown2.o(.ARM.Collect$$libshutdown$$00000010)
    __rt_lib_shutdown_signal_1               0x00000317   Thumb Code     0  libshutdown2.o(.ARM.Collect$$libshutdown$$0000000A)
    __rt_lib_shutdown_stdio_1                0x00000317   Thumb Code     0  libshutdown2.o(.ARM.Collect$$libshutdown$$00000004)
    __rt_lib_shutdown_user_alloc_1           0x00000317   Thumb Code     0  libshutdown2.o(.ARM.Collect$$libshutdown$$0000000C)
    __rt_entry                               0x00000319   Thumb Code     0  __rtentry.o(.ARM.Collect$$rtentry$$00000000)
    __rt_entry_presh_1                       0x00000319   Thumb Code     0  __rtentry2.o(.ARM.Collect$$rtentry$$00000002)
    __rt_entry_sh                            0x00000319   Thumb Code     0  __rtentry4.o(.ARM.Collect$$rtentry$$00000004)
    __rt_entry_li                            0x0000031f   Thumb Code     0  __rtentry2.o(.ARM.Collect$$rtentry$$0000000A)
    __rt_entry_postsh_1                      0x0000031f   Thumb Code     0  __rtentry2.o(.ARM.Collect$$rtentry$$00000009)
    __rt_entry_main                          0x00000323   Thumb Code     0  __rtentry2.o(.ARM.Collect$$rtentry$$0000000D)
    __rt_entry_postli_1                      0x00000323   Thumb Code     0  __rtentry2.o(.ARM.Collect$$rtentry$$0000000C)
    __rt_exit                                0x0000032b   Thumb Code     0  rtexit.o(.ARM.Collect$$rtexit$$00000000)
    __rt_exit_ls                             0x0000032d   Thumb Code     0  rtexit2.o(.ARM.Collect$$rtexit$$00000003)
    __rt_exit_prels_1                        0x0000032d   Thumb Code     0  rtexit2.o(.ARM.Collect$$rtexit$$00000002)
    __rt_exit_exit                           0x00000331   Thumb Code     0  rtexit2.o(.ARM.Collect$$rtexit$$00000004)
    Reset_Handler                            0x00000339   Thumb Code     4  startup_tm4c123.o(.text)
    NMI_Handler                              0x0000033d   Thumb Code     2  startup_tm4c123.o(.text)
    HardFault_Handler                        0x0000033f   Thumb Code     2  startup_tm4c123.o(.text)
    MemManage_Handler                        0x00000341   Thumb Code     2  startup_tm4c123.o(.text)
    BusFault_Handler                         0x00000343   Thumb Code     2  startup_tm4c123.o(.text)
    UsageFault_Handler                       0x00000345   Thumb Code     2  startup_tm4c123.o(.text)
    SVC_Handler                              0x00000347   Thumb Code     2  startup_tm4c123.o(.text)
    DebugMon_Handler                         0x00000349   Thumb Code     2  startup_tm4c123.o(.text)
    PendSV_Handler                           0x0000034b   Thumb Code     2  startup_tm4c123.o(.text)
    SysTick_Handler                          0x0000034d   Thumb Code     2  startup_tm4c123.o(.text)
    GPIOA_Handler                            0x0000034f   Thumb Code     2  startup_tm4c123.o(.text)
    GPIOB_Handler                            0x00000351   Thumb Code     2  startup_tm4c123.o(.text)
    GPIOC_Handler                            0x00000353   Thumb Code     2  startup_tm4c123.o(.text)
    GPIOD_Handler                            0x00000355   Thumb Code     2  startup_tm4c123.o(.text)
    GPIOE_Handler                            0x00000357   Thumb Code     2  startup_tm4c123.o(.text)
    UART0_Handler                            0x00000359   Thumb Code     2  startup_tm4c123.o(.text)
    UART1_Handler                            0x0000035b   Thumb Code     2  startup_tm4c123.o(.text)
    SSI0_Handler                             0x0000035d   Thumb Code     2  startup_tm4c123.o(.text)
    I2C0_Handler                             0x0000035f   Thumb Code     2  startup_tm4c123.o(.text)
    PMW0_FAULT_Handler                       0x00000361   Thumb Code     2  startup_tm4c123.o(.text)
    PWM0_0_Handler                           0x00000363   Thumb Code     2  startup_tm4c123.o(.text)
    PWM0_1_Handler                           0x00000365   Thumb Code     2  startup_tm4c123.o(.text)
    PWM0_2_Handler                           0x00000367   Thumb Code     2  startup_tm4c123.o(.text)
    QEI0_Handler                             0x00000369   Thumb Code     2  startup_tm4c123.o(.text)
    ADC0SS0_Handler                          0x0000036b   Thumb Code     2  startup_tm4c123.o(.text)
    ADC0SS1_Handler                          0x0000036d   Thumb Code     2  startup_tm4c123.o(.text)
    ADC0SS2_Handler                          0x0000036f   Thumb Code     2  startup_tm4c123.o(.text)
    ADC0SS3_Handler                          0x00000371   Thumb Code     2  startup_tm4c123.o(.text)
    WDT0_Handler                             0x00000373   Thumb Code     2  startup_tm4c123.o(.text)
    TIMER0A_Handler                          0x00000375   Thumb Code     2  startup_tm4c123.o(.text)
    TIMER0B_Handler                          0x00000377   Thumb Code     2  startup_tm4c123.o(.text)
    TIMER1A_Handler                          0x00000379   Thumb Code     2  startup_tm4c123.o(.text)
    TIMER1B_Handler                          0x0000037b   Thumb Code     2  startup_tm4c123.o(.text)
    TIMER2A_Handler                          0x0000037d   Thumb Code     2  startup_tm4c123.o(.text)
    TIMER2B_Handler                          0x0000037f   Thumb Code     2  startup_tm4c123.o(.text)
    COMP0_Handler                            0x00000381   Thumb Code     2  startup_tm4c123.o(.text)
    COMP1_Handler                            0x00000383   Thumb Code     2  startup_tm4c123.o(.text)
    COMP2_Handler                            0x00000385   Thumb Code     2  startup_tm4c123.o(.text)
    SYSCTL_Handler                           0x00000387   Thumb Code     2  startup_tm4c123.o(.text)
    FLASH_Handler                            0x00000389   Thumb Code     2  startup_tm4c123.o(.text)
    GPIOF_Handler                            0x0000038b   Thumb Code     2  startup_tm4c123.o(.text)
    GPIOG_Handler                            0x0000038d   Thumb Code     2  startup_tm4c123.o(.text)
    GPIOH_Handler                            0x0000038f   Thumb Code     2  startup_tm4c123.o(.text)
    UART2_Handler                            0x00000391   Thumb Code     2  startup_tm4c123.o(.text)
    SSI1_Handler                             0x00000393   Thumb Code     2  startup_tm4c123.o(.text)
    TIMER3A_Handler                          0x00000395   Thumb Code     2  startup_tm4c123.o(.text)
    TIMER3B_Handler                          0x00000397   Thumb Code     2  startup_tm4c123.o(.text)
    I2C1_Handler                             0x00000399   Thumb Code     2  startup_tm4c123.o(.text)
    QEI1_Handler                             0x0000039b   Thumb Code     2  startup_tm4c123.o(.text)
    CAN0_Handler                             0x0000039d   Thumb Code     2  startup_tm4c123.o(.text)
    CAN1_Handler                             0x0000039f   Thumb Code     2  startup_tm4c123.o(.text)
    CAN2_Handler                             0x000003a1   Thumb Code     2  startup_tm4c123.o(.text)
    HIB_Handler                              0x000003a3   Thumb Code     2  startup_tm4c123.o(.text)
    USB0_Handler                             0x000003a5   Thumb Code     2  startup_tm4c123.o(.text)
    PWM0_3_Handler                           0x000003a7   Thumb Code     2  startup_tm4c123.o(.text)
    UDMA_Handler                             0x000003a9   Thumb Code     2  startup_tm4c123.o(.text)
    UDMAERR_Handler                          0x000003ab   Thumb Code     2  startup_tm4c123.o(.text)
    ADC1SS0_Handler                          0x000003ad   Thumb Code     2  startup_tm4c123.o(.text)
    ADC1SS1_Handler                          0x000003af   Thumb Code     2  startup_tm4c123.o(.text)
    ADC1SS2_Handler                          0x000003b1   Thumb Code     2  startup_tm4c123.o(.text)
    ADC1SS3_Handler                          0x000003b3   Thumb Code     2  startup_tm4c123.o(.text)
    GPIOJ_Handler                            0x000003b5   Thumb Code     2  startup_tm4c123.o(.text)
    GPIOK_Handler                            0x000003b7   Thumb Code     2  startup_tm4c123.o(.text)
    GPIOL_Handler                            0x000003b9   Thumb Code     2  startup_tm4c123.o(.text)
    SSI2_Handler                             0x000003bb   Thumb Code     2  startup_tm4c123.o(.text)
    SSI3_Handler                             0x000003bd   Thumb Code     2  startup_tm4c123.o(.text)
    UART3_Handler                            0x000003bf   Thumb Code     2  startup_tm4c123.o(.text)
    UART4_Handler                            0x000003c1   Thumb Code     2  startup_tm4c123.o(.text)
    UART5_Handler                            0x000003c3   Thumb Code     2  startup_tm4c123.o(.text)
    UART6_Handler                            0x000003c5   Thumb Code     2  startup_tm4c123.o(.text)
    UART7_Handler                            0x000003c7   Thumb Code     2  startup_tm4c123.o(.text)
    I2C2_Handler                             0x000003c9   Thumb Code     2  startup_tm4c123.o(.text)
    I2C3_Handler                             0x000003cb   Thumb Code     2  startup_tm4c123.o(.text)
    TIMER4A_Handler                          0x000003cd   Thumb Code     2  startup_tm4c123.o(.text)
    TIMER4B_Handler                          0x000003cf   Thumb Code     2  startup_tm4c123.o(.text)
    TIMER5A_Handler                          0x000003d1   Thumb Code     2  startup_tm4c123.o(.text)
    TIMER5B_Handler                          0x000003d3   Thumb Code     2  startup_tm4c123.o(.text)
    WTIMER0A_Handler                         0x000003d5   Thumb Code     2  startup_tm4c123.o(.text)
    WTIMER0B_Handler                         0x000003d7   Thumb Code     2  startup_tm4c123.o(.text)
    WTIMER1A_Handler                         0x000003d9   Thumb Code     2  startup_tm4c123.o(.text)
    WTIMER1B_Handler                         0x000003db   Thumb Code     2  startup_tm4c123.o(.text)
    WTIMER2A_Handler                         0x000003dd   Thumb Code     2  startup_tm4c123.o(.text)
    WTIMER2B_Handler                         0x000003df   Thumb Code     2  startup_tm4c123.o(.text)
    WTIMER3A_Handler                         0x000003e1   Thumb Code     2  startup_tm4c123.o(.text)
    WTIMER3B_Handler                         0x000003e3   Thumb Code     2  startup_tm4c123.o(.text)
    WTIMER4A_Handler                         0x000003e5   Thumb Code     2  startup_tm4c123.o(.text)
    WTIMER4B_Handler                         0x000003e7   Thumb Code     2  startup_tm4c123.o(.text)
    WTIMER5A_Handler                         0x000003e9   Thumb Code     2  startup_tm4c123.o(.text)
    WTIMER5B_Handler                         0x000003eb   Thumb Code     2  startup_tm4c123.o(.text)
    FPU_Handler                              0x000003ed   Thumb Code     2  startup_tm4c123.o(.text)
    I2C4_Handler                             0x000003ef   Thumb Code     2  startup_tm4c123.o(.text)
    I2C5_Handler                             0x000003f1   Thumb Code     2  startup_tm4c123.o(.text)
    GPIOM_Handler                            0x000003f3   Thumb Code     2  startup_tm4c123.o(.text)
    GPION_Handler                            0x000003f5   Thumb Code     2  startup_tm4c123.o(.text)
    QEI2_Handler                             0x000003f7   Thumb Code     2  startup_tm4c123.o(.text)
    GPIOP0_Handler                           0x000003f9   Thumb Code     2  startup_tm4c123.o(.text)
    GPIOP1_Handler                           0x000003fb   Thumb Code     2  startup_tm4c123.o(.text)
    GPIOP2_Handler                           0x000003fd   Thumb Code     2  startup_tm4c123.o(.text)
    GPIOP3_Handler                           0x000003ff   Thumb Code     2  startup_tm4c123.o(.text)
    GPIOP4_Handler                           0x00000401   Thumb Code     2  startup_tm4c123.o(.text)
    GPIOP5_Handler                           0x00000403   Thumb Code     2  startup_tm4c123.o(.text)
    GPIOP6_Handler                           0x00000405   Thumb Code     2  startup_tm4c123.o(.text)
    GPIOP7_Handler                           0x00000407   Thumb Code     2  startup_tm4c123.o(.text)
    GPIOQ0_Handler                           0x00000409   Thumb Code     2  startup_tm4c123.o(.text)
    GPIOQ1_Handler                           0x0000040b   Thumb Code     2  startup_tm4c123.o(.text)
    GPIOQ2_Handler                           0x0000040d   Thumb Code     2  startup_tm4c123.o(.text)
    GPIOQ3_Handler                           0x0000040f   Thumb Code     2  startup_tm4c123.o(.text)
    GPIOQ4_Handler                           0x00000411   Thumb Code     2  startup_tm4c123.o(.text)
    GPIOQ5_Handler                           0x00000413   Thumb Code     2  startup_tm4c123.o(.text)
    GPIOQ6_Handler                           0x00000415   Thumb Code     2  startup_tm4c123.o(.text)
    GPIOQ7_Handler                           0x00000417   Thumb Code     2  startup_tm4c123.o(.text)
    GPIOR_Handler                            0x00000419   Thumb Code     2  startup_tm4c123.o(.text)
    GPIOS_Handler                            0x0000041b   Thumb Code     2  startup_tm4c123.o(.text)
    PMW1_0_Handler                           0x0000041d   Thumb Code     2  startup_tm4c123.o(.text)
    PWM1_1_Handler                           0x0000041f   Thumb Code     2  startup_tm4c123.o(.text)
    PWM1_2_Handler                           0x00000421   Thumb Code     2  startup_tm4c123.o(.text)
    PWM1_3_Handler                           0x00000423   Thumb Code     2  startup_tm4c123.o(.text)
    PWM1_FAULT_Handler                       0x00000425   Thumb Code     2  startup_tm4c123.o(.text)
    __user_initial_stackheap                 0x00000429   Thumb Code     0  startup_tm4c123.o(.text)
    strtok                                   0x00000445   Thumb Code     6  strtok.o(.text)
    strcpy                                   0x00000451   Thumb Code    72  strcpy.o(.text)
    strcmp                                   0x00000499   Thumb Code   124  strcmpv7em.o(.text)
    __use_two_region_memory                  0x00000515   Thumb Code     2  heapauxi.o(.text)
    __rt_heap_escrow$2region                 0x00000517   Thumb Code     2  heapauxi.o(.text)
    __rt_heap_expand$2region                 0x00000519   Thumb Code     2  heapauxi.o(.text)
    __read_errno                             0x0000051b   Thumb Code    10  _rserrno.o(.text)
    __set_errno                              0x00000525   Thumb Code    12  _rserrno.o(.text)
    __strtok_internal                        0x00000531   Thumb Code    64  strtok_int.o(.text)
    __aeabi_errno_addr                       0x00000575   Thumb Code     8  rt_errno_addr_intlibspace.o(.text)
    __errno$intlibspace                      0x00000575   Thumb Code     0  rt_errno_addr_intlibspace.o(.text)
    __rt_errno_addr$intlibspace              0x00000575   Thumb Code     0  rt_errno_addr_intlibspace.o(.text)
    strcspn                                  0x0000057d   Thumb Code    32  strcspn.o(.text)
    strspn                                   0x0000059d   Thumb Code    28  strspn.o(.text)
    __user_libspace                          0x000005b9   Thumb Code     8  libspace.o(.text)
    __user_perproc_libspace                  0x000005b9   Thumb Code     0  libspace.o(.text)
    __user_perthread_libspace                0x000005b9   Thumb Code     0  libspace.o(.text)
    __user_setup_stackheap                   0x000005c1   Thumb Code    74  sys_stackheap_outer.o(.text)
    exit                                     0x0000060b   Thumb Code    18  exit.o(.text)
    _sys_exit                                0x0000061d   Thumb Code     8  sys_exit.o(.text)
    __I$use$semihosting                      0x00000629   Thumb Code     0  use_no_semi.o(.text)
    __use_no_semihosting_swi                 0x00000629   Thumb Code     2  use_no_semi.o(.text)
    __semihosting_library_function           0x0000062b   Thumb Code     0  indicate_semi.o(.text)
    Beep                                     0x0000062d   Thumb Code    44  buzzer.o(.text.Beep)
    Distance                                 0x00000659   Thumb Code   408  gps.o(.text.Distance)
    GPS_GetNearestLandmarkName               0x00000801   Thumb Code    92  gps.o(.text.GPS_GetNearestLandmarkName)
    GPS_Init                                 0x0000085d   Thumb Code   196  uart.o(.text.GPS_Init)
    GPS_IsFixed                              0x00000921   Thumb Code    16  gps.o(.text.GPS_IsFixed)
    GPS_Parse                                0x00000931   Thumb Code   380  gps.o(.text.GPS_Parse)
    GPS_Read                                 0x00000aad   Thumb Code   170  gps.o(.text.GPS_Read)
    LCD_Clear                                0x00000b59   Thumb Code    10  lcd.o(.text.LCD_Clear)
    LCD_Command                              0x00000b65   Thumb Code    76  lcd.o(.text.LCD_Command)
    LCD_Data                                 0x00000bb1   Thumb Code    56  lcd.o(.text.LCD_Data)
    LCD_DisplayGPSInfo                       0x00000be9   Thumb Code    24  lcd.o(.text.LCD_DisplayGPSInfo)
    LCD_DisplayString                        0x00000c01   Thumb Code    36  lcd.o(.text.LCD_DisplayString)
    LCD_EnablePulse                          0x00000c25   Thumb Code    66  lcd.o(.text.LCD_EnablePulse)
    LCD_Init                                 0x00000c69   Thumb Code    96  lcd.o(.text.LCD_Init)
    LCD_PortInit                             0x00000cc9   Thumb Code   106  lcd.o(.text.LCD_PortInit)
    LCD_PutChar                              0x00000d35   Thumb Code    20  lcd.o(.text.LCD_PutChar)
    LCD_PutString                            0x00000d49   Thumb Code    34  lcd.o(.text.LCD_PutString)
    LCD_Send4Bits                            0x00000d6d   Thumb Code    36  lcd.o(.text.LCD_Send4Bits)
    LCD_SetCursor                            0x00000d91   Thumb Code    60  lcd.o(.text.LCD_SetCursor)
    ToDecimalDegree                          0x00000dcd   Thumb Code    96  gps.o(.text.ToDecimalDegree)
    ToRad                                    0x00000e39   Thumb Code    56  gps.o(.text.ToRad)
    UART5_Init                               0x00000e79   Thumb Code   158  uart.o(.text.UART5_Init)
    UART5_PutChar                            0x00000f19   Thumb Code    46  uart.o(.text.UART5_PutChar)
    UART_GetChar                             0x00000f49   Thumb Code    36  uart.o(.text.UART_GetChar)
    buzzer_Init                              0x00000f6d   Thumb Code    98  buzzer.o(.text.buzzer_Init)
    delayMicroseconds                        0x00000fd1   Thumb Code    40  lcd.o(.text.delayMicroseconds)
    delayMilliseconds                        0x00000ff9   Thumb Code    44  lcd.o(.text.delayMilliseconds)
    findNearestLandmark                      0x00001025   Thumb Code   200  gps.o(.text.findNearestLandmark)
    main                                     0x000010ed   Thumb Code   208  main.o(.text.main)
    print5_str                               0x000011bd   Thumb Code    52  uart.o(.text.print5_str)
    send_data                                0x000011f1   Thumb Code    52  gps.o(.text.send_data)
    simple_atof                              0x00001229   Thumb Code   232  gps.o(.text.simple_atof)
    __ARM_fpclassify                         0x00001319   Thumb Code    48  fpclassify.o(i.__ARM_fpclassify)
    __hardfp_atan                            0x00001349   Thumb Code   622  atan.o(i.__hardfp_atan)
    __hardfp_atan2                           0x00001621   Thumb Code   448  atan2.o(i.__hardfp_atan2)
    __hardfp_cos                             0x00001821   Thumb Code   180  cos.o(i.__hardfp_cos)
    __hardfp_pow                             0x000018e9   Thumb Code  3088  pow.o(i.__hardfp_pow)
    __hardfp_sin                             0x00002549   Thumb Code   180  sin.o(i.__hardfp_sin)
    __hardfp_sqrt                            0x00002611   Thumb Code   122  sqrt.o(i.__hardfp_sqrt)
    __ieee754_rem_pio2                       0x00002691   Thumb Code   938  rred.o(i.__ieee754_rem_pio2)
    __kernel_cos                             0x00002ac9   Thumb Code   322  cos_i.o(i.__kernel_cos)
    __kernel_poly                            0x00002c39   Thumb Code   248  poly.o(i.__kernel_poly)
    __kernel_sin                             0x00002d31   Thumb Code   280  sin_i.o(i.__kernel_sin)
    __mathlib_dbl_divzero                    0x00002e61   Thumb Code    28  dunder.o(i.__mathlib_dbl_divzero)
    __mathlib_dbl_infnan                     0x00002e91   Thumb Code    20  dunder.o(i.__mathlib_dbl_infnan)
    __mathlib_dbl_infnan2                    0x00002ea5   Thumb Code    20  dunder.o(i.__mathlib_dbl_infnan2)
    __mathlib_dbl_invalid                    0x00002eb9   Thumb Code    24  dunder.o(i.__mathlib_dbl_invalid)
    __mathlib_dbl_overflow                   0x00002ed9   Thumb Code    24  dunder.o(i.__mathlib_dbl_overflow)
    __mathlib_dbl_underflow                  0x00002ef9   Thumb Code    24  dunder.o(i.__mathlib_dbl_underflow)
    atan                                     0x00002f19   Thumb Code    16  atan.o(i.atan)
    fabs                                     0x00002f29   Thumb Code    24  fabs.o(i.fabs)
    sqrt                                     0x00002f41   Thumb Code   110  sqrt.o(i.sqrt)
    __aeabi_dneg                             0x00002faf   Thumb Code     0  basic.o(x$fpl$basic)
    _dneg                                    0x00002faf   Thumb Code     6  basic.o(x$fpl$basic)
    __aeabi_fneg                             0x00002fb5   Thumb Code     0  basic.o(x$fpl$basic)
    _fneg                                    0x00002fb5   Thumb Code     6  basic.o(x$fpl$basic)
    _dabs                                    0x00002fbb   Thumb Code     6  basic.o(x$fpl$basic)
    _fabs                                    0x00002fc1   Thumb Code     6  basic.o(x$fpl$basic)
    __aeabi_d2f                              0x00002fc9   Thumb Code     0  d2f.o(x$fpl$d2f)
    _d2f                                     0x00002fc9   Thumb Code    98  d2f.o(x$fpl$d2f)
    __aeabi_dadd                             0x0000302d   Thumb Code     0  daddsub_clz.o(x$fpl$dadd)
    _dadd                                    0x0000302d   Thumb Code   332  daddsub_clz.o(x$fpl$dadd)
    __fpl_dcheck_NaN1                        0x0000317d   Thumb Code    10  dcheck1.o(x$fpl$dcheck1)
    __fpl_dcmp_Inf                           0x0000318d   Thumb Code    24  dcmpi.o(x$fpl$dcmpinf)
    __aeabi_ddiv                             0x000031a5   Thumb Code     0  ddiv.o(x$fpl$ddiv)
    _ddiv                                    0x000031a5   Thumb Code   560  ddiv.o(x$fpl$ddiv)
    __aeabi_cdcmpeq                          0x0000345d   Thumb Code     0  deqf.o(x$fpl$deqf)
    _dcmpeq                                  0x0000345d   Thumb Code   120  deqf.o(x$fpl$deqf)
    __aeabi_d2iz                             0x000034d5   Thumb Code     0  dfix.o(x$fpl$dfix)
    _dfix                                    0x000034d5   Thumb Code    94  dfix.o(x$fpl$dfix)
    __aeabi_i2d                              0x00003533   Thumb Code     0  dflt_clz.o(x$fpl$dflt)
    _dflt                                    0x00003533   Thumb Code    46  dflt_clz.o(x$fpl$dflt)
    __aeabi_ui2d                             0x00003561   Thumb Code     0  dflt_clz.o(x$fpl$dfltu)
    _dfltu                                   0x00003561   Thumb Code    38  dflt_clz.o(x$fpl$dfltu)
    __aeabi_cdcmpge                          0x00003589   Thumb Code     0  dgeqf.o(x$fpl$dgeqf)
    _dcmpge                                  0x00003589   Thumb Code   120  dgeqf.o(x$fpl$dgeqf)
    __aeabi_cdcmple                          0x00003601   Thumb Code     0  dleqf.o(x$fpl$dleqf)
    _dcmple                                  0x00003601   Thumb Code   120  dleqf.o(x$fpl$dleqf)
    __fpl_dcmple_InfNaN                      0x00003663   Thumb Code     0  dleqf.o(x$fpl$dleqf)
    __aeabi_dmul                             0x00003679   Thumb Code     0  dmul.o(x$fpl$dmul)
    _dmul                                    0x00003679   Thumb Code   332  dmul.o(x$fpl$dmul)
    __fpl_dnaninf                            0x000037cd   Thumb Code   156  dnaninf.o(x$fpl$dnaninf)
    __fpl_dretinf                            0x00003869   Thumb Code    12  dretinf.o(x$fpl$dretinf)
    __aeabi_cdrcmple                         0x00003875   Thumb Code     0  drleqf.o(x$fpl$drleqf)
    _drcmple                                 0x00003875   Thumb Code   108  drleqf.o(x$fpl$drleqf)
    __aeabi_drsub                            0x000038e1   Thumb Code     0  daddsub_clz.o(x$fpl$drsb)
    _drsb                                    0x000038e1   Thumb Code    22  daddsub_clz.o(x$fpl$drsb)
    _dsqrt                                   0x000038f9   Thumb Code   404  dsqrt_umaal.o(x$fpl$dsqrt)
    __aeabi_dsub                             0x00003a91   Thumb Code     0  daddsub_clz.o(x$fpl$dsub)
    _dsub                                    0x00003a91   Thumb Code   472  daddsub_clz.o(x$fpl$dsub)
    __aeabi_f2d                              0x00003c6d   Thumb Code     0  f2d.o(x$fpl$f2d)
    _f2d                                     0x00003c6d   Thumb Code    86  f2d.o(x$fpl$f2d)
    __aeabi_dcmpeq                           0x00003cc3   Thumb Code     0  dcmp.o(x$fpl$fcmp)
    _deq                                     0x00003cc3   Thumb Code    14  dcmp.o(x$fpl$fcmp)
    _dneq                                    0x00003cd1   Thumb Code    14  dcmp.o(x$fpl$fcmp)
    __aeabi_dcmpgt                           0x00003cdf   Thumb Code     0  dcmp.o(x$fpl$fcmp)
    _dgr                                     0x00003cdf   Thumb Code    14  dcmp.o(x$fpl$fcmp)
    __aeabi_dcmpge                           0x00003ced   Thumb Code     0  dcmp.o(x$fpl$fcmp)
    _dgeq                                    0x00003ced   Thumb Code    14  dcmp.o(x$fpl$fcmp)
    __aeabi_dcmple                           0x00003cfb   Thumb Code     0  dcmp.o(x$fpl$fcmp)
    _dleq                                    0x00003cfb   Thumb Code    14  dcmp.o(x$fpl$fcmp)
    __aeabi_dcmplt                           0x00003d09   Thumb Code     0  dcmp.o(x$fpl$fcmp)
    _dls                                     0x00003d09   Thumb Code    14  dcmp.o(x$fpl$fcmp)
    __fpl_fnaninf                            0x00003d17   Thumb Code   140  fnaninf.o(x$fpl$fnaninf)
    _fp_init                                 0x00003da3   Thumb Code    26  fpinit.o(x$fpl$fpinit)
    __fplib_config_fpu_vfp                   0x00003dbb   Thumb Code     0  fpinit.o(x$fpl$fpinit)
    __fplib_config_pureend_doubles           0x00003dbb   Thumb Code     0  fpinit.o(x$fpl$fpinit)
    __fpl_fretinf                            0x00003dbd   Thumb Code    10  fretinf.o(x$fpl$fretinf)
    __fpl_return_NaN                         0x00003dc7   Thumb Code   100  retnan.o(x$fpl$retnan)
    __ARM_scalbn                             0x00003e2b   Thumb Code    92  scalbn.o(x$fpl$scalbn)
    __fpl_cmpreturn                          0x00003e87   Thumb Code    48  trapv.o(x$fpl$trapveneer)
    __I$use$fp                               0x00003eb6   Number         0  usenofp.o(x$fpl$usenofp)
    __mathlib_zero                           0x00004008   Data           8  qnan.o(.constdata)
    Region$$Table$$Base                      0x00004148   Number         0  anon$$obj.o(Region$$Table)
    Region$$Table$$Limit                     0x00004168   Number         0  anon$$obj.o(Region$$Table)
    GPS_logname                              0x20000004   Data           8  gps.o(.data.GPS_logname)
    __libspace_start                         0x20000100   Data          96  libspace.o(.bss)
    GPS_fixed                                0x20000160   Data           1  gps.o(.bss.GPS_fixed)
    __temporary_stack_top$libspace           0x20000160   Data           0  libspace.o(.bss)
    GPS_received                             0x20000161   Data          80  gps.o(.bss.GPS_received)
    current_lat                              0x200001b4   Data           4  gps.o(.bss.current_lat)
    current_lon                              0x200001b8   Data           4  gps.o(.bss.current_lon)
    formatted_GPS                            0x200001bc   Data         240  gps.o(.bss.formatted_GPS)
    token                                    0x200002b0   Data           4  gps.o(.bss.token)



==============================================================================

Memory Map of the image

  Image Entry point : 0x00000339

  Load Region LR_1 (Base: 0x00000000, Size: 0x00004268, Max: 0xffffffff, ABSOLUTE)

    Execution Region ER_RO (Exec base: 0x00000000, Load base: 0x00000000, Size: 0x00004168, Max: 0xffffffff, ABSOLUTE)

    Exec Addr    Load Addr    Size         Type   Attr      Idx    E Section Name        Object

    0x00000000   0x00000000   0x0000026c   Data   RO          113    RESET               startup_tm4c123.o
    0x0000026c   0x0000026c   0x00000008   Code   RO          145  * !!!main             c_w.l(__main.o)
    0x00000274   0x00000274   0x0000005c   Code   RO          456    !!!scatter          c_w.l(__scatter.o)
    0x000002d0   0x000002d0   0x0000001a   Code   RO          460    !!handler_copy      c_w.l(__scatter_copy.o)
    0x000002ea   0x000002ea   0x00000002   PAD
    0x000002ec   0x000002ec   0x00000002   Code   RO          457    !!handler_null      c_w.l(__scatter.o)
    0x000002ee   0x000002ee   0x00000002   PAD
    0x000002f0   0x000002f0   0x0000001c   Code   RO          462    !!handler_zi        c_w.l(__scatter_zi.o)
    0x0000030c   0x0000030c   0x00000002   Code   RO          317    .ARM.Collect$$libinit$$00000000  c_w.l(libinit.o)
    0x0000030e   0x0000030e   0x00000004   Code   RO          322    .ARM.Collect$$libinit$$00000001  c_w.l(libinit2.o)
    0x00000312   0x00000312   0x00000000   Code   RO          325    .ARM.Collect$$libinit$$00000004  c_w.l(libinit2.o)
    0x00000312   0x00000312   0x00000000   Code   RO          327    .ARM.Collect$$libinit$$00000006  c_w.l(libinit2.o)
    0x00000312   0x00000312   0x00000000   Code   RO          330    .ARM.Collect$$libinit$$0000000C  c_w.l(libinit2.o)
    0x00000312   0x00000312   0x00000000   Code   RO          332    .ARM.Collect$$libinit$$0000000E  c_w.l(libinit2.o)
    0x00000312   0x00000312   0x00000000   Code   RO          334    .ARM.Collect$$libinit$$00000010  c_w.l(libinit2.o)
    0x00000312   0x00000312   0x00000000   Code   RO          337    .ARM.Collect$$libinit$$00000013  c_w.l(libinit2.o)
    0x00000312   0x00000312   0x00000000   Code   RO          339    .ARM.Collect$$libinit$$00000015  c_w.l(libinit2.o)
    0x00000312   0x00000312   0x00000000   Code   RO          341    .ARM.Collect$$libinit$$00000017  c_w.l(libinit2.o)
    0x00000312   0x00000312   0x00000000   Code   RO          343    .ARM.Collect$$libinit$$00000019  c_w.l(libinit2.o)
    0x00000312   0x00000312   0x00000000   Code   RO          345    .ARM.Collect$$libinit$$0000001B  c_w.l(libinit2.o)
    0x00000312   0x00000312   0x00000000   Code   RO          347    .ARM.Collect$$libinit$$0000001D  c_w.l(libinit2.o)
    0x00000312   0x00000312   0x00000000   Code   RO          349    .ARM.Collect$$libinit$$0000001F  c_w.l(libinit2.o)
    0x00000312   0x00000312   0x00000000   Code   RO          351    .ARM.Collect$$libinit$$00000021  c_w.l(libinit2.o)
    0x00000312   0x00000312   0x00000000   Code   RO          353    .ARM.Collect$$libinit$$00000023  c_w.l(libinit2.o)
    0x00000312   0x00000312   0x00000000   Code   RO          355    .ARM.Collect$$libinit$$00000025  c_w.l(libinit2.o)
    0x00000312   0x00000312   0x00000000   Code   RO          357    .ARM.Collect$$libinit$$00000027  c_w.l(libinit2.o)
    0x00000312   0x00000312   0x00000000   Code   RO          361    .ARM.Collect$$libinit$$0000002E  c_w.l(libinit2.o)
    0x00000312   0x00000312   0x00000000   Code   RO          363    .ARM.Collect$$libinit$$00000030  c_w.l(libinit2.o)
    0x00000312   0x00000312   0x00000000   Code   RO          365    .ARM.Collect$$libinit$$00000032  c_w.l(libinit2.o)
    0x00000312   0x00000312   0x00000000   Code   RO          367    .ARM.Collect$$libinit$$00000034  c_w.l(libinit2.o)
    0x00000312   0x00000312   0x00000002   Code   RO          368    .ARM.Collect$$libinit$$00000035  c_w.l(libinit2.o)
    0x00000314   0x00000314   0x00000002   Code   RO          392    .ARM.Collect$$libshutdown$$00000000  c_w.l(libshutdown.o)
    0x00000316   0x00000316   0x00000000   Code   RO          407    .ARM.Collect$$libshutdown$$00000002  c_w.l(libshutdown2.o)
    0x00000316   0x00000316   0x00000000   Code   RO          409    .ARM.Collect$$libshutdown$$00000004  c_w.l(libshutdown2.o)
    0x00000316   0x00000316   0x00000000   Code   RO          412    .ARM.Collect$$libshutdown$$00000007  c_w.l(libshutdown2.o)
    0x00000316   0x00000316   0x00000000   Code   RO          415    .ARM.Collect$$libshutdown$$0000000A  c_w.l(libshutdown2.o)
    0x00000316   0x00000316   0x00000000   Code   RO          417    .ARM.Collect$$libshutdown$$0000000C  c_w.l(libshutdown2.o)
    0x00000316   0x00000316   0x00000000   Code   RO          420    .ARM.Collect$$libshutdown$$0000000F  c_w.l(libshutdown2.o)
    0x00000316   0x00000316   0x00000002   Code   RO          421    .ARM.Collect$$libshutdown$$00000010  c_w.l(libshutdown2.o)
    0x00000318   0x00000318   0x00000000   Code   RO          192    .ARM.Collect$$rtentry$$00000000  c_w.l(__rtentry.o)
    0x00000318   0x00000318   0x00000000   Code   RO          274    .ARM.Collect$$rtentry$$00000002  c_w.l(__rtentry2.o)
    0x00000318   0x00000318   0x00000006   Code   RO          286    .ARM.Collect$$rtentry$$00000004  c_w.l(__rtentry4.o)
    0x0000031e   0x0000031e   0x00000000   Code   RO          276    .ARM.Collect$$rtentry$$00000009  c_w.l(__rtentry2.o)
    0x0000031e   0x0000031e   0x00000004   Code   RO          277    .ARM.Collect$$rtentry$$0000000A  c_w.l(__rtentry2.o)
    0x00000322   0x00000322   0x00000000   Code   RO          279    .ARM.Collect$$rtentry$$0000000C  c_w.l(__rtentry2.o)
    0x00000322   0x00000322   0x00000008   Code   RO          280    .ARM.Collect$$rtentry$$0000000D  c_w.l(__rtentry2.o)
    0x0000032a   0x0000032a   0x00000002   Code   RO          320    .ARM.Collect$$rtexit$$00000000  c_w.l(rtexit.o)
    0x0000032c   0x0000032c   0x00000000   Code   RO          372    .ARM.Collect$$rtexit$$00000002  c_w.l(rtexit2.o)
    0x0000032c   0x0000032c   0x00000004   Code   RO          373    .ARM.Collect$$rtexit$$00000003  c_w.l(rtexit2.o)
    0x00000330   0x00000330   0x00000006   Code   RO          374    .ARM.Collect$$rtexit$$00000004  c_w.l(rtexit2.o)
    0x00000336   0x00000336   0x00000002   PAD
    0x00000338   0x00000338   0x0000010c   Code   RO          114  * .text               startup_tm4c123.o
    0x00000444   0x00000444   0x0000000c   Code   RO          136    .text               c_w.l(strtok.o)
    0x00000450   0x00000450   0x00000048   Code   RO          139    .text               c_w.l(strcpy.o)
    0x00000498   0x00000498   0x0000007c   Code   RO          141    .text               c_w.l(strcmpv7em.o)
    0x00000514   0x00000514   0x00000006   Code   RO          143    .text               c_w.l(heapauxi.o)
    0x0000051a   0x0000051a   0x00000016   Code   RO          193    .text               c_w.l(_rserrno.o)
    0x00000530   0x00000530   0x00000044   Code   RO          195    .text               c_w.l(strtok_int.o)
    0x00000574   0x00000574   0x00000008   Code   RO          291    .text               c_w.l(rt_errno_addr_intlibspace.o)
    0x0000057c   0x0000057c   0x00000020   Code   RO          293    .text               c_w.l(strcspn.o)
    0x0000059c   0x0000059c   0x0000001c   Code   RO          295    .text               c_w.l(strspn.o)
    0x000005b8   0x000005b8   0x00000008   Code   RO          305    .text               c_w.l(libspace.o)
    0x000005c0   0x000005c0   0x0000004a   Code   RO          308    .text               c_w.l(sys_stackheap_outer.o)
    0x0000060a   0x0000060a   0x00000012   Code   RO          310    .text               c_w.l(exit.o)
    0x0000061c   0x0000061c   0x0000000c   Code   RO          382    .text               c_w.l(sys_exit.o)
    0x00000628   0x00000628   0x00000002   Code   RO          397    .text               c_w.l(use_no_semi.o)
    0x0000062a   0x0000062a   0x00000000   Code   RO          399    .text               c_w.l(indicate_semi.o)
    0x0000062a   0x0000062a   0x00000002   PAD
    0x0000062c   0x0000062c   0x0000002c   Code   RO            4    .text.Beep          buzzer.o
    0x00000658   0x00000658   0x000001a8   Code   RO           31    .text.Distance      gps.o
    0x00000800   0x00000800   0x0000005c   Code   RO           23    .text.GPS_GetNearestLandmarkName  gps.o
    0x0000085c   0x0000085c   0x000000c4   Code   RO           95    .text.GPS_Init      uart.o
    0x00000920   0x00000920   0x00000010   Code   RO           21    .text.GPS_IsFixed   gps.o
    0x00000930   0x00000930   0x0000017c   Code   RO           17    .text.GPS_Parse     gps.o
    0x00000aac   0x00000aac   0x000000aa   Code   RO           15    .text.GPS_Read      gps.o
    0x00000b56   0x00000b56   0x00000002   PAD
    0x00000b58   0x00000b58   0x0000000a   Code   RO           65    .text.LCD_Clear     lcd.o
    0x00000b62   0x00000b62   0x00000002   PAD
    0x00000b64   0x00000b64   0x0000004c   Code   RO           59    .text.LCD_Command   lcd.o
    0x00000bb0   0x00000bb0   0x00000038   Code   RO           61    .text.LCD_Data      lcd.o
    0x00000be8   0x00000be8   0x00000018   Code   RO           75    .text.LCD_DisplayGPSInfo  lcd.o
    0x00000c00   0x00000c00   0x00000024   Code   RO           73    .text.LCD_DisplayString  lcd.o
    0x00000c24   0x00000c24   0x00000042   Code   RO           55    .text.LCD_EnablePulse  lcd.o
    0x00000c66   0x00000c66   0x00000002   PAD
    0x00000c68   0x00000c68   0x00000060   Code   RO           63    .text.LCD_Init      lcd.o
    0x00000cc8   0x00000cc8   0x0000006a   Code   RO           53    .text.LCD_PortInit  lcd.o
    0x00000d32   0x00000d32   0x00000002   PAD
    0x00000d34   0x00000d34   0x00000014   Code   RO           69    .text.LCD_PutChar   lcd.o
    0x00000d48   0x00000d48   0x00000022   Code   RO           71    .text.LCD_PutString  lcd.o
    0x00000d6a   0x00000d6a   0x00000002   PAD
    0x00000d6c   0x00000d6c   0x00000024   Code   RO           57    .text.LCD_Send4Bits  lcd.o
    0x00000d90   0x00000d90   0x0000003c   Code   RO           67    .text.LCD_SetCursor  lcd.o
    0x00000dcc   0x00000dcc   0x00000068   Code   RO           27    .text.ToDecimalDegree  gps.o
    0x00000e34   0x00000e34   0x00000004   PAD
    0x00000e38   0x00000e38   0x00000040   Code   RO           29    .text.ToRad         gps.o
    0x00000e78   0x00000e78   0x0000009e   Code   RO           99    .text.UART5_Init    uart.o
    0x00000f16   0x00000f16   0x00000002   PAD
    0x00000f18   0x00000f18   0x0000002e   Code   RO          101    .text.UART5_PutChar  uart.o
    0x00000f46   0x00000f46   0x00000002   PAD
    0x00000f48   0x00000f48   0x00000024   Code   RO           97    .text.UART_GetChar  uart.o
    0x00000f6c   0x00000f6c   0x00000062   Code   RO            2    .text.buzzer_Init   buzzer.o
    0x00000fce   0x00000fce   0x00000002   PAD
    0x00000fd0   0x00000fd0   0x00000028   Code   RO           49    .text.delayMicroseconds  lcd.o
    0x00000ff8   0x00000ff8   0x0000002c   Code   RO           51    .text.delayMilliseconds  lcd.o
    0x00001024   0x00001024   0x000000c8   Code   RO           25    .text.findNearestLandmark  gps.o
    0x000010ec   0x000010ec   0x000000d0   Code   RO           84    .text.main          main.o
    0x000011bc   0x000011bc   0x00000034   Code   RO          103    .text.print5_str    uart.o
    0x000011f0   0x000011f0   0x00000034   Code   RO           19    .text.send_data     gps.o
    0x00001224   0x00001224   0x00000004   PAD
    0x00001228   0x00001228   0x000000f0   Code   RO           13    .text.simple_atof   gps.o
    0x00001318   0x00001318   0x00000030   Code   RO          260    i.__ARM_fpclassify  m_wm.l(fpclassify.o)
    0x00001348   0x00001348   0x000002d8   Code   RO          230    i.__hardfp_atan     m_wm.l(atan.o)
    0x00001620   0x00001620   0x00000200   Code   RO          161    i.__hardfp_atan2    m_wm.l(atan2.o)
    0x00001820   0x00001820   0x000000c8   Code   RO          167    i.__hardfp_cos      m_wm.l(cos.o)
    0x000018e8   0x000018e8   0x00000c60   Code   RO          173    i.__hardfp_pow      m_wm.l(pow.o)
    0x00002548   0x00002548   0x000000c8   Code   RO          180    i.__hardfp_sin      m_wm.l(sin.o)
    0x00002610   0x00002610   0x0000007a   Code   RO          186    i.__hardfp_sqrt     m_wm.l(sqrt.o)
    0x0000268a   0x0000268a   0x00000006   PAD
    0x00002690   0x00002690   0x00000438   Code   RO          265    i.__ieee754_rem_pio2  m_wm.l(rred.o)
    0x00002ac8   0x00002ac8   0x00000170   Code   RO          237    i.__kernel_cos      m_wm.l(cos_i.o)
    0x00002c38   0x00002c38   0x000000f8   Code   RO          262    i.__kernel_poly     m_wm.l(poly.o)
    0x00002d30   0x00002d30   0x00000130   Code   RO          270    i.__kernel_sin      m_wm.l(sin_i.o)
    0x00002e60   0x00002e60   0x00000030   Code   RO          240    i.__mathlib_dbl_divzero  m_wm.l(dunder.o)
    0x00002e90   0x00002e90   0x00000014   Code   RO          241    i.__mathlib_dbl_infnan  m_wm.l(dunder.o)
    0x00002ea4   0x00002ea4   0x00000014   Code   RO          242    i.__mathlib_dbl_infnan2  m_wm.l(dunder.o)
    0x00002eb8   0x00002eb8   0x00000020   Code   RO          243    i.__mathlib_dbl_invalid  m_wm.l(dunder.o)
    0x00002ed8   0x00002ed8   0x00000020   Code   RO          244    i.__mathlib_dbl_overflow  m_wm.l(dunder.o)
    0x00002ef8   0x00002ef8   0x00000020   Code   RO          246    i.__mathlib_dbl_underflow  m_wm.l(dunder.o)
    0x00002f18   0x00002f18   0x00000010   Code   RO          232    i.atan              m_wm.l(atan.o)
    0x00002f28   0x00002f28   0x00000018   Code   RO          256    i.fabs              m_wm.l(fabs.o)
    0x00002f40   0x00002f40   0x0000006e   Code   RO          188    i.sqrt              m_wm.l(sqrt.o)
    0x00002fae   0x00002fae   0x00000018   Code   RO          197    x$fpl$basic         fz_wm.l(basic.o)
    0x00002fc6   0x00002fc6   0x00000002   PAD
    0x00002fc8   0x00002fc8   0x00000062   Code   RO          147    x$fpl$d2f           fz_wm.l(d2f.o)
    0x0000302a   0x0000302a   0x00000002   PAD
    0x0000302c   0x0000302c   0x00000150   Code   RO          149    x$fpl$dadd          fz_wm.l(daddsub_clz.o)
    0x0000317c   0x0000317c   0x00000010   Code   RO          297    x$fpl$dcheck1       fz_wm.l(dcheck1.o)
    0x0000318c   0x0000318c   0x00000018   Code   RO          299    x$fpl$dcmpinf       fz_wm.l(dcmpi.o)
    0x000031a4   0x000031a4   0x000002b8   Code   RO          200    x$fpl$ddiv          fz_wm.l(ddiv.o)
    0x0000345c   0x0000345c   0x00000078   Code   RO          203    x$fpl$deqf          fz_wm.l(deqf.o)
    0x000034d4   0x000034d4   0x0000005e   Code   RO          301    x$fpl$dfix          fz_wm.l(dfix.o)
    0x00003532   0x00003532   0x0000002e   Code   RO          206    x$fpl$dflt          fz_wm.l(dflt_clz.o)
    0x00003560   0x00003560   0x00000026   Code   RO          205    x$fpl$dfltu         fz_wm.l(dflt_clz.o)
    0x00003586   0x00003586   0x00000002   PAD
    0x00003588   0x00003588   0x00000078   Code   RO          211    x$fpl$dgeqf         fz_wm.l(dgeqf.o)
    0x00003600   0x00003600   0x00000078   Code   RO          213    x$fpl$dleqf         fz_wm.l(dleqf.o)
    0x00003678   0x00003678   0x00000154   Code   RO          157    x$fpl$dmul          fz_wm.l(dmul.o)
    0x000037cc   0x000037cc   0x0000009c   Code   RO          215    x$fpl$dnaninf       fz_wm.l(dnaninf.o)
    0x00003868   0x00003868   0x0000000c   Code   RO          217    x$fpl$dretinf       fz_wm.l(dretinf.o)
    0x00003874   0x00003874   0x0000006c   Code   RO          219    x$fpl$drleqf        fz_wm.l(drleqf.o)
    0x000038e0   0x000038e0   0x00000016   Code   RO          150    x$fpl$drsb          fz_wm.l(daddsub_clz.o)
    0x000038f6   0x000038f6   0x00000002   PAD
    0x000038f8   0x000038f8   0x00000198   Code   RO          221    x$fpl$dsqrt         fz_wm.l(dsqrt_umaal.o)
    0x00003a90   0x00003a90   0x000001dc   Code   RO          151    x$fpl$dsub          fz_wm.l(daddsub_clz.o)
    0x00003c6c   0x00003c6c   0x00000056   Code   RO          159    x$fpl$f2d           fz_wm.l(f2d.o)
    0x00003cc2   0x00003cc2   0x00000054   Code   RO          155    x$fpl$fcmp          fz_wm.l(dcmp.o)
    0x00003d16   0x00003d16   0x0000008c   Code   RO          223    x$fpl$fnaninf       fz_wm.l(fnaninf.o)
    0x00003da2   0x00003da2   0x0000001a   Code   RO          380    x$fpl$fpinit        fz_wm.l(fpinit.o)
    0x00003dbc   0x00003dbc   0x0000000a   Code   RO          225    x$fpl$fretinf       fz_wm.l(fretinf.o)
    0x00003dc6   0x00003dc6   0x00000064   Code   RO          318    x$fpl$retnan        fz_wm.l(retnan.o)
    0x00003e2a   0x00003e2a   0x0000005c   Code   RO          227    x$fpl$scalbn        fz_wm.l(scalbn.o)
    0x00003e86   0x00003e86   0x00000030   Code   RO          369    x$fpl$trapveneer    fz_wm.l(trapv.o)
    0x00003eb6   0x00003eb6   0x00000000   Code   RO          229    x$fpl$usenofp       fz_wm.l(usenofp.o)
    0x00003eb6   0x00003eb6   0x00000002   PAD
    0x00003eb8   0x00003eb8   0x00000088   Data   RO          176    .constdata          m_wm.l(pow.o)
    0x00003f40   0x00003f40   0x00000098   Data   RO          233    .constdata          m_wm.l(atan.o)
    0x00003fd8   0x00003fd8   0x00000030   Data   RO          238    .constdata          m_wm.l(cos_i.o)
    0x00004008   0x00004008   0x00000008   Data   RO          264    .constdata          m_wm.l(qnan.o)
    0x00004010   0x00004010   0x000000cc   Data   RO          267    .constdata          m_wm.l(rred.o)
    0x000040dc   0x000040dc   0x00000004   PAD
    0x000040e0   0x000040e0   0x00000028   Data   RO          271    .constdata          m_wm.l(sin_i.o)
    0x00004108   0x00004108   0x00000016   Data   RO           36    .rodata.str1.1      gps.o
    0x0000411e   0x0000411e   0x0000002a   Data   RO           86    .rodata.str1.1      main.o
    0x00004148   0x00004148   0x00000020   Data   RO          455    Region$$Table       anon$$obj.o


    Execution Region ER_RW (Exec base: 0x20000000, Load base: 0x00004168, Size: 0x00000100, Max: 0xffffffff, ABSOLUTE)

    Exec Addr    Load Addr    Size         Type   Attr      Idx    E Section Name        Object

    0x20000000   0x00004168   0x00000004   Data   RW          137    .data               c_w.l(strtok.o)
    0x20000004   0x0000416c   0x00000008   Data   RW           33    .data.GPS_logname   gps.o
    0x2000000c   0x00004174   0x00000004   PAD
    0x20000010   0x00004178   0x000000f0   Data   RW           41    .data.landmarks     gps.o


    Execution Region ER_ZI (Exec base: 0x20000100, Load base: 0x00004268, Size: 0x000003b8, Max: 0xffffffff, ABSOLUTE)

    Exec Addr    Load Addr    Size         Type   Attr      Idx    E Section Name        Object

    0x20000100        -       0x00000060   Zero   RW          306    .bss                c_w.l(libspace.o)
    0x20000160        -       0x00000001   Zero   RW           34    .bss.GPS_fixed      gps.o
    0x20000161        -       0x00000050   Zero   RW           35    .bss.GPS_received   gps.o
    0x200001b1   0x00004268   0x00000003   PAD
    0x200001b4        -       0x00000004   Zero   RW           39    .bss.current_lat    gps.o
    0x200001b8        -       0x00000004   Zero   RW           40    .bss.current_lon    gps.o
    0x200001bc        -       0x000000f0   Zero   RW           38    .bss.formatted_GPS  gps.o
    0x200002ac        -       0x00000001   Zero   RW           87    .bss.main.dotCount  main.o
    0x200002ad   0x00004268   0x00000003   PAD
    0x200002b0        -       0x00000004   Zero   RW           37    .bss.token          gps.o
    0x200002b4   0x00004268   0x00000004   PAD
    0x200002b8        -       0x00000000   Zero   RW          112    HEAP                startup_tm4c123.o
    0x200002b8        -       0x00000200   Zero   RW          111    STACK               startup_tm4c123.o


==============================================================================

Image component sizes


      Code (inc. data)   RO Data    RW Data    ZI Data      Debug   Object Name

       142          0          0          0          0        525   buzzer.o
      1742         40         22        248        333       3603   gps.o
       704          0          0          0          0       2435   lcd.o
       208          0         42          0          1        949   main.o
       268         20        620          0        512       5480   startup_tm4c123.o
       488          0          0          0          0       1982   uart.o

    ----------------------------------------------------------------------
      3576         64        716        252        856      14974   Object Totals
         0          0         32          0          0          0   (incl. Generated)
        24          4          0          4         10          0   (incl. Padding)

    ----------------------------------------------------------------------

      Code (inc. data)   RO Data    RW Data    ZI Data      Debug   Library Member Name

         8          0          0          0          0         68   __main.o
         0          0          0          0          0          0   __rtentry.o
        12          0          0          0          0          0   __rtentry2.o
         6          0          0          0          0          0   __rtentry4.o
        94          8          0          0          0          0   __scatter.o
        26          0          0          0          0          0   __scatter_copy.o
        28          0          0          0          0          0   __scatter_zi.o
        22          0          0          0          0        100   _rserrno.o
        18          0          0          0          0         80   exit.o
         6          0          0          0          0        152   heapauxi.o
         0          0          0          0          0          0   indicate_semi.o
         2          0          0          0          0          0   libinit.o
         6          0          0          0          0          0   libinit2.o
         2          0          0          0          0          0   libshutdown.o
         2          0          0          0          0          0   libshutdown2.o
         8          4          0          0         96         68   libspace.o
         8          4          0          0          0         68   rt_errno_addr_intlibspace.o
         2          0          0          0          0          0   rtexit.o
        10          0          0          0          0          0   rtexit2.o
       124          0          0          0          0         88   strcmpv7em.o
        72          0          0          0          0         80   strcpy.o
        32          0          0          0          0         80   strcspn.o
        28          0          0          0          0         80   strspn.o
        12          6          0          4          0         68   strtok.o
        68          4          0          0          0         84   strtok_int.o
        12          4          0          0          0         68   sys_exit.o
        74          0          0          0          0         80   sys_stackheap_outer.o
         2          0          0          0          0         68   use_no_semi.o
        24          0          0          0          0        164   basic.o
        98          4          0          0          0        140   d2f.o
       834         16          0          0          0        516   daddsub_clz.o
        16          4          0          0          0        116   dcheck1.o
        84          0          0          0          0        244   dcmp.o
        24          0          0          0          0        116   dcmpi.o
       696        140          0          0          0        264   ddiv.o
       120          4          0          0          0        140   deqf.o
        94          4          0          0          0        140   dfix.o
        84          0          0          0          0        232   dflt_clz.o
       120          4          0          0          0        140   dgeqf.o
       120          4          0          0          0        140   dleqf.o
       340         12          0          0          0        152   dmul.o
       156          4          0          0          0        140   dnaninf.o
        12          0          0          0          0        116   dretinf.o
       108          0          0          0          0        128   drleqf.o
       408         56          0          0          0        168   dsqrt_umaal.o
        86          4          0          0          0        132   f2d.o
       140          4          0          0          0        132   fnaninf.o
        26          0          0          0          0        116   fpinit.o
        10          0          0          0          0        116   fretinf.o
       100          0          0          0          0        116   retnan.o
        92          0          0          0          0        116   scalbn.o
        48          0          0          0          0        116   trapv.o
         0          0          0          0          0          0   usenofp.o
       744        106        152          0          0        352   atan.o
       512         64          0          0          0        208   atan2.o
       200         20          0          0          0        164   cos.o
       368         46         48          0          0        200   cos_i.o
       184         44          0          0          0        744   dunder.o
        24          0          0          0          0        124   fabs.o
        48          0          0          0          0        124   fpclassify.o
       248          0          0          0          0        152   poly.o
      3168        296        136          0          0        352   pow.o
         0          0          8          0          0          0   qnan.o
      1080        142        204          0          0        188   rred.o
       200         20          0          0          0        164   sin.o
       304         24         40          0          0        208   sin_i.o
       232          0          0          0          0        296   sqrt.o

    ----------------------------------------------------------------------
     11860       1052        592          4         96       8408   Library Totals
        24          0          4          0          0          0   (incl. Padding)

    ----------------------------------------------------------------------

      Code (inc. data)   RO Data    RW Data    ZI Data      Debug   Library Name

       684         30          0          4         96       1232   c_w.l
      3840        260          0          0          0       3900   fz_wm.l
      7312        762        588          0          0       3276   m_wm.l

    ----------------------------------------------------------------------
     11860       1052        592          4         96       8408   Library Totals

    ----------------------------------------------------------------------

==============================================================================


      Code (inc. data)   RO Data    RW Data    ZI Data      Debug   

     15436       1116       1308        256        952      18298   Grand Totals
     15436       1116       1308        256        952      18298   ELF Image Totals
     15436       1116       1308        256          0          0   ROM Totals

==============================================================================

    Total RO  Size (Code + RO Data)                16744 (  16.35kB)
    Total RW  Size (RW Data + ZI Data)              1208 (   1.18kB)
    Total ROM Size (Code + RO Data + RW Data)      17000 (  16.60kB)

==============================================================================

